Component: ARM Compiler 5.06 update 7 (build 960) Tool: armlink [4d3601]

==============================================================================

Section Cross References

    startup_stm32f10x_hd.o(STACK) refers (Special) to heapauxi.o(.text) for __use_two_region_memory
    startup_stm32f10x_hd.o(HEAP) refers (Special) to heapauxi.o(.text) for __use_two_region_memory
    startup_stm32f10x_hd.o(RESET) refers (Special) to heapauxi.o(.text) for __use_two_region_memory
    startup_stm32f10x_hd.o(RESET) refers to startup_stm32f10x_hd.o(.text) for Reset_Handler
    startup_stm32f10x_hd.o(RESET) refers to lcd.o(i.EXTI2_IRQHandler) for EXTI2_IRQHandler
    startup_stm32f10x_hd.o(RESET) refers to uart.o(i.TIM3_IRQHandler) for TIM3_IRQHandler
    startup_stm32f10x_hd.o(RESET) refers to spi.o(i.SPI2_IRQHandler) for SPI2_IRQHandler
    startup_stm32f10x_hd.o(RESET) refers to uart.o(i.USART1_IRQHandler) for USART1_IRQHandler
    startup_stm32f10x_hd.o(.text) refers (Special) to heapauxi.o(.text) for __use_two_region_memory
    startup_stm32f10x_hd.o(.text) refers to startup_stm32f10x_hd.o(STACK) for __initial_sp
    startup_stm32f10x_hd.o(.text) refers to __main.o(!!!main) for __main
    startup_stm32f10x_hd.o(.text) refers to startup_stm32f10x_hd.o(HEAP) for Heap_Mem
    system_stm32f10x.o(i.SetSysClock) refers to system_stm32f10x.o(i.SetSysClockTo72) for SetSysClockTo72
    system_stm32f10x.o(i.SystemCoreClockUpdate) refers to system_stm32f10x.o(.data) for SystemCoreClock
    system_stm32f10x.o(i.SystemInit) refers to system_stm32f10x.o(i.SetSysClock) for SetSysClock
    stm32f10x_gpio.o(i.GPIO_AFIODeInit) refers to stm32f10x_rcc.o(i.RCC_APB2PeriphResetCmd) for RCC_APB2PeriphResetCmd
    stm32f10x_gpio.o(i.GPIO_DeInit) refers to stm32f10x_rcc.o(i.RCC_APB2PeriphResetCmd) for RCC_APB2PeriphResetCmd
    stm32f10x_rcc.o(i.RCC_GetClocksFreq) refers to stm32f10x_rcc.o(.data) for APBAHBPrescTable
    stm32f10x_rcc.o(i.RCC_WaitForHSEStartUp) refers to stm32f10x_rcc.o(i.RCC_GetFlagStatus) for RCC_GetFlagStatus
    stm32f10x_usart.o(i.USART_DeInit) refers to stm32f10x_rcc.o(i.RCC_APB2PeriphResetCmd) for RCC_APB2PeriphResetCmd
    stm32f10x_usart.o(i.USART_DeInit) refers to stm32f10x_rcc.o(i.RCC_APB1PeriphResetCmd) for RCC_APB1PeriphResetCmd
    stm32f10x_usart.o(i.USART_Init) refers to stm32f10x_rcc.o(i.RCC_GetClocksFreq) for RCC_GetClocksFreq
    stm32f10x_i2c.o(i.I2C_DeInit) refers to stm32f10x_rcc.o(i.RCC_APB1PeriphResetCmd) for RCC_APB1PeriphResetCmd
    stm32f10x_i2c.o(i.I2C_Init) refers to stm32f10x_rcc.o(i.RCC_GetClocksFreq) for RCC_GetClocksFreq
    stm32f10x_spi.o(i.I2S_Init) refers to stm32f10x_rcc.o(i.RCC_GetClocksFreq) for RCC_GetClocksFreq
    stm32f10x_spi.o(i.SPI_I2S_DeInit) refers to stm32f10x_rcc.o(i.RCC_APB2PeriphResetCmd) for RCC_APB2PeriphResetCmd
    stm32f10x_spi.o(i.SPI_I2S_DeInit) refers to stm32f10x_rcc.o(i.RCC_APB1PeriphResetCmd) for RCC_APB1PeriphResetCmd
    stm32f10x_adc.o(i.ADC_DeInit) refers to stm32f10x_rcc.o(i.RCC_APB2PeriphResetCmd) for RCC_APB2PeriphResetCmd
    stm32f10x_bkp.o(i.BKP_DeInit) refers to stm32f10x_rcc.o(i.RCC_BackupResetCmd) for RCC_BackupResetCmd
    stm32f10x_can.o(i.CAN_DeInit) refers to stm32f10x_rcc.o(i.RCC_APB1PeriphResetCmd) for RCC_APB1PeriphResetCmd
    stm32f10x_can.o(i.CAN_GetITStatus) refers to stm32f10x_can.o(i.CheckITStatus) for CheckITStatus
    stm32f10x_cec.o(i.CEC_DeInit) refers to stm32f10x_rcc.o(i.RCC_APB1PeriphResetCmd) for RCC_APB1PeriphResetCmd
    stm32f10x_dac.o(i.DAC_DeInit) refers to stm32f10x_rcc.o(i.RCC_APB1PeriphResetCmd) for RCC_APB1PeriphResetCmd
    stm32f10x_flash.o(i.FLASH_EnableWriteProtection) refers to stm32f10x_flash.o(i.FLASH_WaitForLastOperation) for FLASH_WaitForLastOperation
    stm32f10x_flash.o(i.FLASH_EraseAllBank1Pages) refers to stm32f10x_flash.o(i.FLASH_WaitForLastBank1Operation) for FLASH_WaitForLastBank1Operation
    stm32f10x_flash.o(i.FLASH_EraseAllPages) refers to stm32f10x_flash.o(i.FLASH_WaitForLastOperation) for FLASH_WaitForLastOperation
    stm32f10x_flash.o(i.FLASH_EraseOptionBytes) refers to stm32f10x_flash.o(i.FLASH_GetReadOutProtectionStatus) for FLASH_GetReadOutProtectionStatus
    stm32f10x_flash.o(i.FLASH_EraseOptionBytes) refers to stm32f10x_flash.o(i.FLASH_WaitForLastOperation) for FLASH_WaitForLastOperation
    stm32f10x_flash.o(i.FLASH_ErasePage) refers to stm32f10x_flash.o(i.FLASH_WaitForLastOperation) for FLASH_WaitForLastOperation
    stm32f10x_flash.o(i.FLASH_ProgramHalfWord) refers to stm32f10x_flash.o(i.FLASH_WaitForLastOperation) for FLASH_WaitForLastOperation
    stm32f10x_flash.o(i.FLASH_ProgramOptionByteData) refers to stm32f10x_flash.o(i.FLASH_WaitForLastOperation) for FLASH_WaitForLastOperation
    stm32f10x_flash.o(i.FLASH_ProgramWord) refers to stm32f10x_flash.o(i.FLASH_WaitForLastOperation) for FLASH_WaitForLastOperation
    stm32f10x_flash.o(i.FLASH_ReadOutProtection) refers to stm32f10x_flash.o(i.FLASH_WaitForLastOperation) for FLASH_WaitForLastOperation
[...]
    Removing spi.o(i.SPI_FLASH_ReadDeviceID), (72 bytes).
    Removing spi.o(i.SPI_FLASH_SendByte), (40 bytes).
    Removing lcd.o(i.LCD_BGR2RGB), (26 bytes).
    Removing lcd.o(i.LCD_Color_Fill), (124 bytes).
    Removing lcd.o(i.LCD_DisplayOff), (96 bytes).
    Removing lcd.o(i.LCD_DisplayOn), (96 bytes).
    Removing lcd.o(i.LCD_DrawRectangle), (64 bytes).
    Removing lcd.o(i.LCD_Draw_Circle), (152 bytes).
    Removing lcd.o(i.LCD_Fill), (216 bytes).
    Removing lcd.o(i.LCD_ReadPoint), (480 bytes).
    Removing lcd.o(i.LCD_Set_Window), (1208 bytes).
    Removing lcd.o(i.LCD_ShowxNum), (190 bytes).
    Removing lcd.o(i.LCD_WriteRAM), (44 bytes).
    Removing lcd.o(i.LCD_test), (344 bytes).
    Removing lcd.o(i.opt_delay), (14 bytes).

494 unused section(s) (total 23300 bytes) removed from the image.

==============================================================================

Image Symbol Table

    Local Symbols

    Symbol Name                              Value     Ov Type        Size  Object(Section)

    ../clib/angel/boardlib.s                 0x00000000   Number         0  boardinit1.o ABSOLUTE
    ../clib/angel/boardlib.s                 0x00000000   Number         0  boardinit2.o ABSOLUTE
    ../clib/angel/boardlib.s                 0x00000000   Number         0  boardinit3.o ABSOLUTE
    ../clib/angel/boardlib.s                 0x00000000   Number         0  boardshut.o ABSOLUTE
    ../clib/angel/handlers.s                 0x00000000   Number         0  __scatter_copy.o ABSOLUTE
    ../clib/angel/handlers.s                 0x00000000   Number         0  __scatter_zi.o ABSOLUTE
    ../clib/angel/kernel.s                   0x00000000   Number         0  __rtentry.o ABSOLUTE
    ../clib/angel/kernel.s                   0x00000000   Number         0  rtexit2.o ABSOLUTE
    ../clib/angel/kernel.s                   0x00000000   Number         0  rtexit.o ABSOLUTE
    ../clib/angel/kernel.s                   0x00000000   Number         0  __rtentry2.o ABSOLUTE
    ../clib/angel/kernel.s                   0x00000000   Number         0  __rtentry4.o ABSOLUTE
    ../clib/angel/rt.s                       0x00000000   Number         0  rt_heap_descriptor.o ABSOLUTE
    ../clib/angel/rt.s                       0x00000000   Number         0  rt_errno_addr_intlibspace.o ABSOLUTE
    ../clib/angel/rt.s                       0x00000000   Number         0  rt_errno_addr.o ABSOLUTE
    ../clib/angel/rt.s                       0x00000000   Number         0  rt_heap_descriptor_intlibspace.o ABSOLUTE
    ../clib/angel/rt.s                       0x00000000   Number         0  rt_raise.o ABSOLUTE
    ../clib/angel/scatter.s                  0x00000000   Number         0  __scatter.o ABSOLUTE
    ../clib/angel/startup.s                  0x00000000   Number         0  __main.o ABSOLUTE
    ../clib/angel/sys.s                      0x00000000   Number         0  mutex_dummy.o ABSOLUTE
    ../clib/angel/sys.s                      0x00000000   Number         0  libspace.o ABSOLUTE
    ../clib/angel/sys.s                      0x00000000   Number         0  use_no_semi.o ABSOLUTE
    ../clib/angel/sys.s                      0x00000000   Number         0  sys_stackheap_outer.o ABSOLUTE
    ../clib/angel/sys.s                      0x00000000   Number         0  indicate_semi.o ABSOLUTE
    ../clib/angel/sysapp.c                   0x00000000   Number         0  sys_io.o ABSOLUTE
    ../clib/angel/sysapp.c                   0x00000000   Number         0  sys_command.o ABSOLUTE
    ../clib/angel/sysapp.c                   0x00000000   Number         0  sys_exit.o ABSOLUTE
    ../clib/angel/sysapp.c                   0x00000000   Number         0  sys_wrch.o ABSOLUTE
    ../clib/armsys.c                         0x00000000   Number         0  _get_argv_nomalloc.o ABSOLUTE
    ../clib/armsys.c                         0x00000000   Number         0  argv_veneer.o ABSOLUTE
    ../clib/armsys.c                         0x00000000   Number         0  no_argv.o ABSOLUTE
    ../clib/armsys.c                         0x00000000   Number         0  _get_argv.o ABSOLUTE
    ../clib/armsys.c                         0x00000000   Number         0  argv_veneer.o ABSOLUTE
    ../clib/assert.c                         0x00000000   Number         0  assert_stdio.o ABSOLUTE
    ../clib/heap1.c                          0x00000000   Number         0  h1_extend.o ABSOLUTE
    ../clib/heap1.c                          0x00000000   Number         0  h1_init.o ABSOLUTE
    ../clib/heap1.c                          0x00000000   Number         0  h1_final.o ABSOLUTE
    ../clib/heap1.c                          0x00000000   Number         0  h1_final_mt.o ABSOLUTE
    ../clib/heap1.c                          0x00000000   Number         0  h1_alloc_mt.o ABSOLUTE
    ../clib/heap1.c                          0x00000000   Number         0  h1_extend_mt.o ABSOLUTE
    ../clib/heap1.c                          0x00000000   Number         0  h1_alloc.o ABSOLUTE
    ../clib/heap1.c                          0x00000000   Number         0  h1_init_mt.o ABSOLUTE
    ../clib/heap1.c                          0x00000000   Number         0  h1_free.o ABSOLUTE
    ../clib/heap1.c                          0x00000000   Number         0  h1_free_mt.o ABSOLUTE
    ../clib/heap2.c                          0x00000000   Number         0  fdtree.o ABSOLUTE
    ../clib/heap2.c                          0x00000000   Number         0  heap2mt.o ABSOLUTE
    ../clib/heap2.c                          0x00000000   Number         0  heap2.o ABSOLUTE
    ../clib/heapalloc.c                      0x00000000   Number         0  maybetermalloc1.o ABSOLUTE
    ../clib/heapalloc.c                      0x00000000   Number         0  term_alloc.o ABSOLUTE
    ../clib/heapalloc.c                      0x00000000   Number         0  maybetermalloc1.o ABSOLUTE
    ../clib/heapalloc.c                      0x00000000   Number         0  maybetermalloc2.o ABSOLUTE
    ../clib/heapalloc.c                      0x00000000   Number         0  maybetermalloc2.o ABSOLUTE
    ../clib/heapalloc.c                      0x00000000   Number         0  hrguard.o ABSOLUTE
    ../clib/heapalloc.c                      0x00000000   Number         0  hguard.o ABSOLUTE
    ../clib/heapalloc.c                      0x00000000   Number         0  init_alloc.o ABSOLUTE
    ../clib/heapalloc.c                      0x00000000   Number         0  free.o ABSOLUTE
    ../clib/heapalloc.c                      0x00000000   Number         0  malloc.o ABSOLUTE
    ../clib/heapalloc.c                      0x00000000   Number         0  heapstubs.o ABSOLUTE
    ../clib/heapaux.c                        0x00000000   Number         0  heapauxa.o ABSOLUTE
    ../clib/heapaux.c                        0x00000000   Number         0  heapauxi.o ABSOLUTE
    ../clib/libinit.s                        0x00000000   Number         0  libshutdown2.o ABSOLUTE
    ../clib/libinit.s                        0x00000000   Number         0  libshutdown.o ABSOLUTE
    ../clib/libinit.s                        0x00000000   Number         0  libinit2.o ABSOLUTE
    ../clib/libinit.s                        0x00000000   Number         0  libinit.o ABSOLUTE
    ../clib/memcpset.s                       0x00000000   Number         0  rt_memcpy_w.o ABSOLUTE
    ../clib/memcpset.s                       0x00000000   Number         0  rt_memclr_w.o ABSOLUTE
    ../clib/memcpset.s                       0x00000000   Number         0  rt_memcpy_v6.o ABSOLUTE
    ../clib/printf.c                         0x00000000   Number         0  __printf_wp.o ABSOLUTE
    ../clib/printf.c                         0x00000000   Number         0  noretval__2printf.o ABSOLUTE
    ../clib/printf.c                         0x00000000   Number         0  __2sprintf.o ABSOLUTE
    ../clib/printf.c                         0x00000000   Number         0  __printf_nopercent.o ABSOLUTE
    ../clib/printf.c                         0x00000000   Number         0  __printf_flags_ss_wp.o ABSOLUTE
    ../clib/printf.c                         0x00000000   Number         0  __2printf.o ABSOLUTE
    ../clib/printf.c                         0x00000000   Number         0  __printf_ss_wp.o ABSOLUTE
    ../clib/printf.c                         0x00000000   Number         0  __printf_flags_wp.o ABSOLUTE
    ../clib/printf.c                         0x00000000   Number         0  __printf_flags.o ABSOLUTE
    ../clib/printf.c                         0x00000000   Number         0  _printf_intcommon.o ABSOLUTE
    ../clib/printf.c                         0x00000000   Number         0  __printf_ss.o ABSOLUTE
    ../clib/printf.c                         0x00000000   Number         0  __printf_flags_ss.o ABSOLUTE
    ../clib/printf.c                         0x00000000   Number         0  _printf_char_file_locked.o ABSOLUTE
    ../clib/printf.c                         0x00000000   Number         0  noretval__2sprintf.o ABSOLUTE
    ../clib/printf.c                         0x00000000   Number         0  _printf_dec.o ABSOLUTE
    ../clib/printf.c                         0x00000000   Number         0  __printf.o ABSOLUTE
    ../clib/printf.c                         0x00000000   Number         0  _printf_char_file.o ABSOLUTE
    ../clib/printf.c                         0x00000000   Number         0  _sputc.o ABSOLUTE
    ../clib/printf.c                         0x00000000   Number         0  _printf_char_common.o ABSOLUTE
    ../clib/printf_percent.s                 0x00000000   Number         0  _printf_percent.o ABSOLUTE
    ../clib/printf_percent.s                 0x00000000   Number         0  _printf_d.o ABSOLUTE
    ../clib/printf_percent.s                 0x00000000   Number         0  _printf_percent_end.o ABSOLUTE
    ../clib/signal.c                         0x00000000   Number         0  defsig_fpe_inner.o ABSOLUTE
    ../clib/signal.c                         0x00000000   Number         0  defsig_abrt_inner.o ABSOLUTE
    ../clib/signal.c                         0x00000000   Number         0  defsig_rtmem_inner.o ABSOLUTE
    ../clib/signal.c                         0x00000000   Number         0  defsig_rtmem_formal.o ABSOLUTE
    ../clib/signal.c                         0x00000000   Number         0  defsig_rtmem_outer.o ABSOLUTE
    ../clib/signal.c                         0x00000000   Number         0  defsig_general.o ABSOLUTE
    ../clib/signal.c                         0x00000000   Number         0  __raise.o ABSOLUTE
    ../clib/signal.c                         0x00000000   Number         0  defsig_rtred_formal.o ABSOLUTE
    ../clib/signal.c                         0x00000000   Number         0  defsig_exit.o ABSOLUTE
    ../clib/signal.c                         0x00000000   Number         0  defsig_rtred_inner.o ABSOLUTE
    ../clib/signal.c                         0x00000000   Number         0  defsig_rtred_outer.o ABSOLUTE
    ../clib/signal.c                         0x00000000   Number         0  defsig_other.o ABSOLUTE
    ../clib/signal.c                         0x00000000   Number         0  defsig_segv_inner.o ABSOLUTE
    ../clib/signal.c                         0x00000000   Number         0  defsig_cppl_inner.o ABSOLUTE
    ../clib/signal.c                         0x00000000   Number         0  defsig_pvfn_inner.o ABSOLUTE
    ../clib/signal.c                         0x00000000   Number         0  defsig_stak_inner.o ABSOLUTE
    ../clib/signal.s                         0x00000000   Number         0  defsig.o ABSOLUTE
    ../clib/stdio.c                          0x00000000   Number         0  ferror_locked.o ABSOLUTE
    ../clib/stdio.c                          0x00000000   Number         0  fwritefast_locked.o ABSOLUTE
    ../clib/stdio.c                          0x00000000   Number         0  initio_locked.o ABSOLUTE
    ../clib/stdio.c                          0x00000000   Number         0  fputs_locked.o ABSOLUTE
    ../clib/stdio.c                          0x00000000   Number         0  flsbuf.o ABSOLUTE
    ../clib/stdio.c                          0x00000000   Number         0  fflush.o ABSOLUTE
    ../clib/stdio.c                          0x00000000   Number         0  streamlock.o ABSOLUTE
    ../clib/stdio.c                          0x00000000   Number         0  fflush_locked.o ABSOLUTE
    ../clib/stdio.c                          0x00000000   Number         0  fopen.o ABSOLUTE
    ../clib/stdio.c                          0x00000000   Number         0  fclose.o ABSOLUTE
    ../clib/stdio.c                          0x00000000   Number         0  setvbuf.o ABSOLUTE
    ../clib/stdio.c                          0x00000000   Number         0  ftell.o ABSOLUTE
    ../clib/stdio.c                          0x00000000   Number         0  setvbuf_locked.o ABSOLUTE
    ../clib/stdio.c                          0x00000000   Number         0  fopen_locked.o ABSOLUTE
    ../clib/stdio.c                          0x00000000   Number         0  fwritefast.o ABSOLUTE
    ../clib/stdio.c                          0x00000000   Number         0  stdio.o ABSOLUTE
    ../clib/stdio.c                          0x00000000   Number         0  fseek.o ABSOLUTE
    ../clib/stdio.c                          0x00000000   Number         0  stdio_streams.o ABSOLUTE
    ../clib/stdio.c                          0x00000000   Number         0  ferror.o ABSOLUTE
    ../clib/stdio.c                          0x00000000   Number         0  fputc.o ABSOLUTE
    ../clib/stdio.c                          0x00000000   Number         0  initio.o ABSOLUTE
    ../clib/stdio.c                          0x00000000   Number         0  fputc_locked.o ABSOLUTE
    ../clib/stdio.c                          0x00000000   Number         0  fputs.o ABSOLUTE
    ../clib/stdlib.c                         0x00000000   Number         0  exit.o ABSOLUTE
    ../clib/string.c                         0x00000000   Number         0  strlen.o ABSOLUTE
    ../clib/wchar.c                          0x00000000   Number         0  flsbuf_fwide.o ABSOLUTE
    ../fplib/dfixu.s                         0x00000000   Number         0  dfixu.o ABSOLUTE
    ../fplib/dflt.s                          0x00000000   Number         0  dflt_clz.o ABSOLUTE
    ../fplib/dmul.s                          0x00000000   Number         0  dmul.o ABSOLUTE
    ../fplib/dnaninf.s                       0x00000000   Number         0  dnaninf.o ABSOLUTE
    ../fplib/dretinf.s                       0x00000000   Number         0  dretinf.o ABSOLUTE
    ../fplib/fpinit.s                        0x00000000   Number         0  fpinit.o ABSOLUTE
    ../fplib/usenofp.s                       0x00000000   Number         0  usenofp.o ABSOLUTE
    dc.s                                     0x00000000   Number         0  dc.o ABSOLUTE
    driver\src\misc.c                        0x00000000   Number         0  misc.o ABSOLUTE
    driver\src\stm32f10x_adc.c               0x00000000   Number         0  stm32f10x_adc.o ABSOLUTE
    driver\src\stm32f10x_bkp.c               0x00000000   Number         0  stm32f10x_bkp.o ABSOLUTE
    driver\src\stm32f10x_can.c               0x00000000   Number         0  stm32f10x_can.o ABSOLUTE
    driver\src\stm32f10x_cec.c               0x00000000   Number         0  stm32f10x_cec.o ABSOLUTE
    driver\src\stm32f10x_crc.c               0x00000000   Number         0  stm32f10x_crc.o ABSOLUTE
    driver\src\stm32f10x_dac.c               0x00000000   Number         0  stm32f10x_dac.o ABSOLUTE
    driver\src\stm32f10x_dbgmcu.c            0x00000000   Number         0  stm32f10x_dbgmcu.o ABSOLUTE
    driver\src\stm32f10x_dma.c               0x00000000   Number         0  stm32f10x_dma.o ABSOLUTE
    driver\src\stm32f10x_exti.c              0x00000000   Number         0  stm32f10x_exti.o ABSOLUTE
    driver\src\stm32f10x_flash.c             0x00000000   Number         0  stm32f10x_flash.o ABSOLUTE
    driver\src\stm32f10x_fsmc.c              0x00000000   Number         0  stm32f10x_fsmc.o ABSOLUTE
    driver\src\stm32f10x_gpio.c              0x00000000   Number         0  stm32f10x_gpio.o ABSOLUTE
    driver\src\stm32f10x_i2c.c               0x00000000   Number         0  stm32f10x_i2c.o ABSOLUTE
    driver\src\stm32f10x_iwdg.c              0x00000000   Number         0  stm32f10x_iwdg.o ABSOLUTE
    driver\src\stm32f10x_pwr.c               0x00000000   Number         0  stm32f10x_pwr.o ABSOLUTE
    driver\src\stm32f10x_rcc.c               0x00000000   Number         0  stm32f10x_rcc.o ABSOLUTE
    driver\src\stm32f10x_rtc.c               0x00000000   Number         0  stm32f10x_rtc.o ABSOLUTE
    driver\src\stm32f10x_sdio.c              0x00000000   Number         0  stm32f10x_sdio.o ABSOLUTE
    driver\src\stm32f10x_spi.c               0x00000000   Number         0  stm32f10x_spi.o ABSOLUTE
    driver\src\stm32f10x_tim.c               0x00000000   Number         0  stm32f10x_tim.o ABSOLUTE
    driver\src\stm32f10x_usart.c             0x00000000   Number         0  stm32f10x_usart.o ABSOLUTE
    driver\src\stm32f10x_wwdg.c              0x00000000   Number         0  stm32f10x_wwdg.o ABSOLUTE
    src\EXTI.c                               0x00000000   Number         0  exti.o ABSOLUTE
    src\GPIO.c                               0x00000000   Number         0  gpio.o ABSOLUTE
    src\IIC.c                                0x00000000   Number         0  iic.o ABSOLUTE
    src\SPI.c                                0x00000000   Number         0  spi.o ABSOLUTE
    src\TIM.c                                0x00000000   Number         0  tim.o ABSOLUTE
    src\UART.c                               0x00000000   Number         0  uart.o ABSOLUTE
    src\\sys.c                               0x00000000   Number         0  sys.o ABSOLUTE
    src\lcd.c                                0x00000000   Number         0  lcd.o ABSOLUTE
    src\main.c                               0x00000000   Number         0  main.o ABSOLUTE
    src\sys.c                                0x00000000   Number         0  sys.o ABSOLUTE
    startup\\core_cm3.c                      0x00000000   Number         0  core_cm3.o ABSOLUTE
    startup\core_cm3.c                       0x00000000   Number         0  core_cm3.o ABSOLUTE
    startup\startup_stm32f10x_hd.s           0x00000000   Number         0  startup_stm32f10x_hd.o ABSOLUTE
    startup\system_stm32f10x.c               0x00000000   Number         0  system_stm32f10x.o ABSOLUTE
    RESET                                    0x08000000   Section      304  startup_stm32f10x_hd.o(RESET)
    !!!main                                  0x08000130   Section        8  __main.o(!!!main)
    !!!scatter                               0x08000138   Section       52  __scatter.o(!!!scatter)
    !!handler_copy                           0x0800016c   Section       26  __scatter_copy.o(!!handler_copy)
    !!handler_zi                             0x08000188   Section       28  __scatter_zi.o(!!handler_zi)
    .ARM.Collect$$_printf_percent$$00000000  0x080001a4   Section        0  _printf_percent.o(.ARM.Collect$$_printf_percent$$00000000)
    .ARM.Collect$$_printf_percent$$00000009  0x080001a4   Section        6  _printf_d.o(.ARM.Collect$$_printf_percent$$00000009)
    .ARM.Collect$$_printf_percent$$00000017  0x080001aa   Section        4  _printf_percent_end.o(.ARM.Collect$$_printf_percent$$00000017)
    .ARM.Collect$$libinit$$00000000          0x080001ae   Section        2  libinit.o(.ARM.Collect$$libinit$$00000000)
    .ARM.Collect$$libinit$$00000002          0x080001b0   Section        0  libinit2.o(.ARM.Collect$$libinit$$00000002)
    .ARM.Collect$$libinit$$00000004          0x080001b0   Section        0  libinit2.o(.ARM.Collect$$libinit$$00000004)
    .ARM.Collect$$libinit$$0000000A          0x080001b0   Section        0  libinit2.o(.ARM.Collect$$libinit$$0000000A)
    .ARM.Collect$$libinit$$0000000C          0x080001b0   Section        0  libinit2.o(.ARM.Collect$$libinit$$0000000C)
    .ARM.Collect$$libinit$$0000000E          0x080001b0   Section        0  libinit2.o(.ARM.Collect$$libinit$$0000000E)
    .ARM.Collect$$libinit$$00000011          0x080001b0   Section        0  libinit2.o(.ARM.Collect$$libinit$$00000011)
    .ARM.Collect$$libinit$$00000013          0x080001b0   Section        0  libinit2.o(.ARM.Collect$$libinit$$00000013)
    .ARM.Collect$$libinit$$00000015          0x080001b0   Section        0  libinit2.o(.ARM.Collect$$libinit$$00000015)
    .ARM.Collect$$libinit$$00000017          0x080001b0   Section        0  libinit2.o(.ARM.Collect$$libinit$$00000017)
    .ARM.Collect$$libinit$$00000019          0x080001b0   Section        0  libinit2.o(.ARM.Collect$$libinit$$00000019)
    .ARM.Collect$$libinit$$0000001B          0x080001b0   Section        0  libinit2.o(.ARM.Collect$$libinit$$0000001B)
    .ARM.Collect$$libinit$$0000001D          0x080001b0   Section        0  libinit2.o(.ARM.Collect$$libinit$$0000001D)
    .ARM.Collect$$libinit$$0000001F          0x080001b0   Section        0  libinit2.o(.ARM.Collect$$libinit$$0000001F)
    .ARM.Collect$$libinit$$00000021          0x080001b0   Section        0  libinit2.o(.ARM.Collect$$libinit$$00000021)
    .ARM.Collect$$libinit$$00000023          0x080001b0   Section        0  libinit2.o(.ARM.Collect$$libinit$$00000023)
    .ARM.Collect$$libinit$$00000025          0x080001b0   Section        0  libinit2.o(.ARM.Collect$$libinit$$00000025)
    .ARM.Collect$$libinit$$0000002C          0x080001b0   Section        0  libinit2.o(.ARM.Collect$$libinit$$0000002C)
    .ARM.Collect$$libinit$$0000002E          0x080001b0   Section        0  libinit2.o(.ARM.Collect$$libinit$$0000002E)
    .ARM.Collect$$libinit$$00000030          0x080001b0   Section        0  libinit2.o(.ARM.Collect$$libinit$$00000030)
    .ARM.Collect$$libinit$$00000032          0x080001b0   Section        0  libinit2.o(.ARM.Collect$$libinit$$00000032)
    .ARM.Collect$$libinit$$00000033          0x080001b0   Section        2  libinit2.o(.ARM.Collect$$libinit$$00000033)
    .ARM.Collect$$libshutdown$$00000000      0x080001b2   Section        2  libshutdown.o(.ARM.Collect$$libshutdown$$00000000)
    .ARM.Collect$$libshutdown$$00000002      0x080001b4   Section        0  libshutdown2.o(.ARM.Collect$$libshutdown$$00000002)
    .ARM.Collect$$libshutdown$$00000004      0x080001b4   Section        0  libshutdown2.o(.ARM.Collect$$libshutdown$$00000004)
    .ARM.Collect$$libshutdown$$00000006      0x080001b4   Section        0  libshutdown2.o(.ARM.Collect$$libshutdown$$00000006)
    .ARM.Collect$$libshutdown$$00000009      0x080001b4   Section        0  libshutdown2.o(.ARM.Collect$$libshutdown$$00000009)
    .ARM.Collect$$libshutdown$$0000000C      0x080001b4   Section        0  libshutdown2.o(.ARM.Collect$$libshutdown$$0000000C)
    .ARM.Collect$$libshutdown$$0000000E      0x080001b4   Section        0  libshutdown2.o(.ARM.Collect$$libshutdown$$0000000E)
    .ARM.Collect$$libshutdown$$00000011      0x080001b4   Section        0  libshutdown2.o(.ARM.Collect$$libshutdown$$00000011)
    .ARM.Collect$$libshutdown$$00000012      0x080001b4   Section        2  libshutdown2.o(.ARM.Collect$$libshutdown$$00000012)
    .ARM.Collect$$rtentry$$00000000          0x080001b6   Section        0  __rtentry.o(.ARM.Collect$$rtentry$$00000000)
    .ARM.Collect$$rtentry$$00000002          0x080001b6   Section        0  __rtentry2.o(.ARM.Collect$$rtentry$$00000002)
    .ARM.Collect$$rtentry$$00000004          0x080001b6   Section        6  __rtentry4.o(.ARM.Collect$$rtentry$$00000004)
    .ARM.Collect$$rtentry$$00000009          0x080001bc   Section        0  __rtentry2.o(.ARM.Collect$$rtentry$$00000009)
    .ARM.Collect$$rtentry$$0000000A          0x080001bc   Section        4  __rtentry2.o(.ARM.Collect$$rtentry$$0000000A)
    .ARM.Collect$$rtentry$$0000000C          0x080001c0   Section        0  __rtentry2.o(.ARM.Collect$$rtentry$$0000000C)
    .ARM.Collect$$rtentry$$0000000D          0x080001c0   Section        8  __rtentry2.o(.ARM.Collect$$rtentry$$0000000D)
    .ARM.Collect$$rtexit$$00000000           0x080001c8   Section        2  rtexit.o(.ARM.Collect$$rtexit$$00000000)
    .ARM.Collect$$rtexit$$00000002           0x080001ca   Section        0  rtexit2.o(.ARM.Collect$$rtexit$$00000002)
    .ARM.Collect$$rtexit$$00000003           0x080001ca   Section        4  rtexit2.o(.ARM.Collect$$rtexit$$00000003)
    .ARM.Collect$$rtexit$$00000004           0x080001ce   Section        6  rtexit2.o(.ARM.Collect$$rtexit$$00000004)
    .text                                    0x080001d4   Section       72  startup_stm32f10x_hd.o(.text)
    .text                                    0x0800021c   Section        0  noretval__2sprintf.o(.text)
    .text                                    0x08000244   Section        0  __printf.o(.text)
    .text                                    0x080002ac   Section        0  _printf_dec.o(.text)
    .text                                    0x08000324   Section        0  heapauxi.o(.text)
    .text                                    0x0800032a   Section        0  _printf_intcommon.o(.text)
    .text                                    0x080003dc   Section        0  _printf_char_common.o(.text)
    _printf_input_char                       0x080003dd   Thumb Code    10  _printf_char_common.o(.text)
    .text                                    0x0800040c   Section        0  _sputc.o(.text)
    .text                                    0x08000416   Section       74  sys_stackheap_outer.o(.text)
    .text                                    0x08000460   Section        0  exit.o(.text)
    .text                                    0x08000474   Section        8  libspace.o(.text)
    .text                                    0x0800047c   Section        2  use_no_semi.o(.text)
    .text                                    0x0800047e   Section        0  indicate_semi.o(.text)
    .text                                    0x08000480   Section        0  sys_exit.o(.text)
    i.Base_Timer3_Config                     0x0800048c   Section        0  tim.o(i.Base_Timer3_Config)
    i.BoardInit                              0x080004f8   Section        0  main.o(i.BoardInit)
    i.Board_proccess                         0x08000500   Section        0  main.o(i.Board_proccess)
    i.Chess_Init                             0x08000ed4   Section        0  main.o(i.Chess_Init)
    i.Chess_Update                           0x08000f4c   Section        0  main.o(i.Chess_Update)
    i.Clear_Last                             0x08000fac   Section        0  main.o(i.Clear_Last)
    i.Computer_proccess                      0x0800104c   Section        0  main.o(i.Computer_proccess)
    i.DATAIN                                 0x0800115c   Section        0  lcd.o(i.DATAIN)
    i.DATAOUT                                0x080011a0   Section        0  lcd.o(i.DATAOUT)
    i.Draw_Chess                             0x0800122c   Section        0  main.o(i.Draw_Chess)
    i.EXTI2_IRQHandler                       0x080012d8   Section        0  lcd.o(i.EXTI2_IRQHandler)
    i.EXTI_ClearITPendingBit                 0x08001300   Section        0  stm32f10x_exti.o(i.EXTI_ClearITPendingBit)
    i.EXTI_GetITStatus                       0x0800130c   Section        0  stm32f10x_exti.o(i.EXTI_GetITStatus)
    i.EXTI_Init                              0x08001334   Section        0  stm32f10x_exti.o(i.EXTI_Init)
    i.GPIO_EXTILineConfig                    0x080013c8   Section        0  stm32f10x_gpio.o(i.GPIO_EXTILineConfig)
    i.GPIO_Init                              0x08001408   Section        0  stm32f10x_gpio.o(i.GPIO_Init)
    i.GPIO_PinRemapConfig                    0x08001520   Section        0  stm32f10x_gpio.o(i.GPIO_PinRemapConfig)
    i.GPIO_ReadInputDataBit                  0x080015b0   Section        0  stm32f10x_gpio.o(i.GPIO_ReadInputDataBit)
    i.LCD_Background                         0x080015c4   Section        0  main.o(i.LCD_Background)
    i.LCD_Change_Brash_Color                 0x08001738   Section        0  lcd.o(i.LCD_Change_Brash_Color)
    i.LCD_Clear                              0x08001744   Section        0  lcd.o(i.LCD_Clear)
    i.LCD_Config_DIN                         0x080017d0   Section        0  lcd.o(i.LCD_Config_DIN)
    i.LCD_Config_DOUT                        0x08001814   Section        0  lcd.o(i.LCD_Config_DOUT)
    i.LCD_Configuration                      0x0800184c   Section        0  lcd.o(i.LCD_Configuration)
    i.LCD_Display_Dir                        0x080018c4   Section        0  lcd.o(i.LCD_Display_Dir)
    i.LCD_DrawLine                           0x08001a84   Section        0  lcd.o(i.LCD_DrawLine)
    i.LCD_DrawPoint                          0x08001b34   Section        0  lcd.o(i.LCD_DrawPoint)
    i.LCD_Draw_ALLCircle                     0x08001b74   Section        0  main.o(i.LCD_Draw_ALLCircle)
    i.LCD_Draw_Choice                        0x08001c3a   Section        0  main.o(i.LCD_Draw_Choice)
    i.LCD_Draw_Way                           0x08001ca8   Section        0  main.o(i.LCD_Draw_Way)
    i.LCD_Fast_DrawPoint                     0x08001fe0   Section        0  lcd.o(i.LCD_Fast_DrawPoint)
    i.LCD_Init                               0x080023b4   Section        0  lcd.o(i.LCD_Init)
    i.LCD_Pow                                0x08005fa0   Section        0  lcd.o(i.LCD_Pow)
    i.LCD_RD_DATA                            0x08005fb8   Section        0  lcd.o(i.LCD_RD_DATA)
    i.LCD_ReadReg                            0x08005ff0   Section        0  lcd.o(i.LCD_ReadReg)
    i.LCD_SSD_BackLightSet                   0x08006000   Section        0  lcd.o(i.LCD_SSD_BackLightSet)
    i.LCD_Scan_Dir                           0x080060f8   Section        0  lcd.o(i.LCD_Scan_Dir)
    i.LCD_SetCursor                          0x080065ac   Section        0  lcd.o(i.LCD_SetCursor)
    i.LCD_ShowChar                           0x080069e8   Section        0  lcd.o(i.LCD_ShowChar)
    i.LCD_ShowNum                            0x08006b10   Section        0  lcd.o(i.LCD_ShowNum)
    i.LCD_ShowString                         0x08006ba4   Section        0  lcd.o(i.LCD_ShowString)
    i.LCD_WR_DATAX                           0x08006c0c   Section        0  lcd.o(i.LCD_WR_DATAX)
    i.LCD_WR_REG                             0x08006c38   Section        0  lcd.o(i.LCD_WR_REG)
    i.LCD_WriteRAM_Prepare                   0x08006c60   Section        0  lcd.o(i.LCD_WriteRAM_Prepare)
    i.LCD_WriteReg                           0x08006c70   Section        0  lcd.o(i.LCD_WriteReg)
    i.NVIC_EnableIRQ                         0x08006ca4   Section        0  tim.o(i.NVIC_EnableIRQ)
    NVIC_EnableIRQ                           0x08006ca5   Thumb Code    22  tim.o(i.NVIC_EnableIRQ)
    i.NVIC_Init                              0x08006cbc   Section        0  misc.o(i.NVIC_Init)
    i.NVIC_PriorityGroupConfig               0x08006d2c   Section        0  misc.o(i.NVIC_PriorityGroupConfig)
    i.NVIC_SetVectorTable                    0x08006d40   Section        0  misc.o(i.NVIC_SetVectorTable)
    i.RCC_APB2PeriphClockCmd                 0x08006d54   Section        0  stm32f10x_rcc.o(i.RCC_APB2PeriphClockCmd)
    i.RCC_GetClocksFreq                      0x08006d74   Section        0  stm32f10x_rcc.o(i.RCC_GetClocksFreq)
    i.REC_process                            0x08006e48   Section        0  main.o(i.REC_process)
    i.RS232SendByte                          0x08007004   Section        0  uart.o(i.RS232SendByte)
    i.RS232SendStr                           0x08007010   Section        0  uart.o(i.RS232SendStr)
    i.SPI2_IRQHandler                        0x08007060   Section        0  spi.o(i.SPI2_IRQHandler)
    i.SPI_I2S_GetFlagStatus                  0x08007078   Section        0  stm32f10x_spi.o(i.SPI_I2S_GetFlagStatus)
    i.SPI_SndRecv                            0x0800708c   Section        0  lcd.o(i.SPI_SndRecv)
    i.SPI_X                                  0x080070f4   Section        0  lcd.o(i.SPI_X)
    i.SPI_Y                                  0x080071fc   Section        0  lcd.o(i.SPI_Y)
    i.SetSysClock                            0x08007304   Section        0  system_stm32f10x.o(i.SetSysClock)
    SetSysClock                              0x08007305   Thumb Code     8  system_stm32f10x.o(i.SetSysClock)
    i.SetSysClockTo72                        0x0800730c   Section        0  system_stm32f10x.o(i.SetSysClockTo72)
    SetSysClockTo72                          0x0800730d   Thumb Code   214  system_stm32f10x.o(i.SetSysClockTo72)
    i.SystemInit                             0x080073ec   Section        0  system_stm32f10x.o(i.SystemInit)
    i.TIM3_IRQHandler                        0x0800744c   Section        0  uart.o(i.TIM3_IRQHandler)
    i.TOUCH_INT_EXIT_Init                    0x08007498   Section        0  lcd.o(i.TOUCH_INT_EXIT_Init)
    TOUCH_INT_EXIT_Init                      0x08007499   Thumb Code    54  lcd.o(i.TOUCH_INT_EXIT_Init)
    i.TOUCH_INT_config                       0x080074d0   Section        0  lcd.o(i.TOUCH_INT_config)
    TOUCH_INT_config                         0x080074d1   Thumb Code    32  lcd.o(i.TOUCH_INT_config)
    i.TOUCH_InterruptConfig                  0x080074f4   Section        0  lcd.o(i.TOUCH_InterruptConfig)
    TOUCH_InterruptConfig                    0x080074f5   Thumb Code    50  lcd.o(i.TOUCH_InterruptConfig)
    i.TOUCH_SCREEN_INIT                      0x08007528   Section        0  lcd.o(i.TOUCH_SCREEN_INIT)
    i.TouchScreen                            0x08007588   Section        0  lcd.o(i.TouchScreen)
    i.Touch_test                             0x080075fc   Section        0  lcd.o(i.Touch_test)
    i.UART1_Init                             0x08007610   Section        0  uart.o(i.UART1_Init)
    i.USART1_IRQHandler                      0x080076e8   Section        0  uart.o(i.USART1_IRQHandler)
    i.USART_ClearITPendingBit                0x08007834   Section        0  stm32f10x_usart.o(i.USART_ClearITPendingBit)
    i.USART_Cmd                              0x08007852   Section        0  stm32f10x_usart.o(i.USART_Cmd)
    i.USART_GetITStatus                      0x0800786a   Section        0  stm32f10x_usart.o(i.USART_GetITStatus)
    i.USART_ITConfig                         0x080078be   Section        0  stm32f10x_usart.o(i.USART_ITConfig)
    i.USART_Init                             0x08007908   Section        0  stm32f10x_usart.o(i.USART_Init)
    i.USART_ReceiveData                      0x080079e0   Section        0  stm32f10x_usart.o(i.USART_ReceiveData)
    i.Update_Choice                          0x080079ec   Section        0  main.o(i.Update_Choice)
    i.clear_chess                            0x08007a20   Section        0  main.o(i.clear_chess)
    i.delay_ms                               0x08007b24   Section        0  sys.o(i.delay_ms)
    i.delay_us                               0x08007b3c   Section        0  sys.o(i.delay_us)
    i.exist                                  0x08007b4c   Section        0  main.o(i.exist)
    i.getPos                                 0x08007ba0   Section        0  lcd.o(i.getPos)
    getPos                                   0x08007ba1   Thumb Code   612  lcd.o(i.getPos)
    i.main                                   0x08007e34   Section        0  main.o(i.main)
    i.move                                   0x08007ee0   Section        0  main.o(i.move)
    x$fpl$dfixu                              0x080082e0   Section       90  dfixu.o(x$fpl$dfixu)
    x$fpl$dfltu                              0x0800833a   Section       38  dflt_clz.o(x$fpl$dfltu)
    x$fpl$dmul                               0x08008360   Section      340  dmul.o(x$fpl$dmul)
    x$fpl$dnaninf                            0x080084b4   Section      156  dnaninf.o(x$fpl$dnaninf)
    x$fpl$dretinf                            0x08008550   Section       12  dretinf.o(x$fpl$dretinf)
    .constdata                               0x0800855c   Section     6144  lcd.o(.constdata)
    x$fpl$usenofp                            0x0800855c   Section        0  usenofp.o(x$fpl$usenofp)
    .data                                    0x20000000   Section       20  stm32f10x_rcc.o(.data)
    APBAHBPrescTable                         0x20000000   Data          16  stm32f10x_rcc.o(.data)
    ADCPrescTable                            0x20000010   Data           4  stm32f10x_rcc.o(.data)
    .data                                    0x20000014   Section       60  main.o(.data)
    .data                                    0x20000050   Section       24  uart.o(.data)
    .data                                    0x20000068   Section       72  lcd.o(.data)
    .bss                                     0x200000b0   Section      140  main.o(.bss)
    .bss                                     0x2000013c   Section      400  uart.o(.bss)
    .bss                                     0x200002cc   Section       14  lcd.o(.bss)
    .bss                                     0x200002dc   Section       96  libspace.o(.bss)
    HEAP                                     0x20000340   Section        0  startup_stm32f10x_hd.o(HEAP)
    STACK                                    0x20000340   Section      512  startup_stm32f10x_hd.o(STACK)
    Heap_Mem                                 0x20000340   Data           0  startup_stm32f10x_hd.o(HEAP)
    Stack_Mem                                0x20000340   Data         512  startup_stm32f10x_hd.o(STACK)
    __initial_sp                             0x20000540   Data           0  startup_stm32f10x_hd.o(STACK)

    Global Symbols

    Symbol Name                              Value     Ov Type        Size  Object(Section)

    BuildAttributes$$THM_ISAv4$P$D$K$B$S$PE$A:L22UL41UL21$X:L11$S22US41US21$IEEE1$IW$USESV6$~STKCKD$USESV7$~SHL$OTIME$ROPI$EBA8$UX$STANDARDLIB$REQ8$PRES8$EABIv2 0x00000000   Number         0  anon$$obj.o ABSOLUTE
    __ARM_use_no_argv                        0x00000000   Number         0  main.o ABSOLUTE
    __ARM_exceptions_init                     - Undefined Weak Reference
    __alloca_initialize                       - Undefined Weak Reference
    __arm_fini_                               - Undefined Weak Reference
    __arm_preinit_                            - Undefined Weak Reference
    __cpp_initialize__aeabi_                  - Undefined Weak Reference
    __cxa_finalize                            - Undefined Weak Reference
    __rt_locale                               - Undefined Weak Reference
    __sigvec_lookup                           - Undefined Weak Reference
    __user_heap_extent                        - Undefined Weak Reference
    _atexit_init                              - Undefined Weak Reference
    _call_atexit_fns                          - Undefined Weak Reference
    _clock_init                               - Undefined Weak Reference
    _fp_trap_init                             - Undefined Weak Reference
    _fp_trap_shutdown                         - Undefined Weak Reference
    _get_lc_collate                           - Undefined Weak Reference
    _get_lc_ctype                             - Undefined Weak Reference
    _get_lc_monetary                          - Undefined Weak Reference
    _get_lc_numeric                           - Undefined Weak Reference
    _get_lc_time                              - Undefined Weak Reference
    _getenv_init                              - Undefined Weak Reference
    _handle_redirection                       - Undefined Weak Reference
    _mutex_acquire                            - Undefined Weak Reference
    _mutex_free                               - Undefined Weak Reference
    _mutex_release                            - Undefined Weak Reference
    _printf_post_padding                      - Undefined Weak Reference
    _printf_pre_padding                       - Undefined Weak Reference
    _printf_truncate_signed                   - Undefined Weak Reference
    _printf_truncate_unsigned                 - Undefined Weak Reference
    _rand_init                                - Undefined Weak Reference
    _signal_finish                            - Undefined Weak Reference
    _signal_init                              - Undefined Weak Reference
    __Vectors_Size                           0x00000130   Number         0  startup_stm32f10x_hd.o ABSOLUTE
    __Vectors                                0x08000000   Data           4  startup_stm32f10x_hd.o(RESET)
    __Vectors_End                            0x08000130   Data           0  startup_stm32f10x_hd.o(RESET)
    __main                                   0x08000131   Thumb Code     8  __main.o(!!!main)
    __scatterload                            0x08000139   Thumb Code     0  __scatter.o(!!!scatter)
    __scatterload_rt2                        0x08000139   Thumb Code    44  __scatter.o(!!!scatter)
    __scatterload_rt2_thumb_only             0x08000139   Thumb Code     0  __scatter.o(!!!scatter)
    __scatterload_null                       0x08000147   Thumb Code     0  __scatter.o(!!!scatter)
    __scatterload_copy                       0x0800016d   Thumb Code    26  __scatter_copy.o(!!handler_copy)
    __scatterload_zeroinit                   0x08000189   Thumb Code    28  __scatter_zi.o(!!handler_zi)
    _printf_d                                0x080001a5   Thumb Code     0  _printf_d.o(.ARM.Collect$$_printf_percent$$00000009)
    _printf_percent                          0x080001a5   Thumb Code     0  _printf_percent.o(.ARM.Collect$$_printf_percent$$00000000)
    _printf_percent_end                      0x080001ab   Thumb Code     0  _printf_percent_end.o(.ARM.Collect$$_printf_percent$$00000017)
    __rt_lib_init                            0x080001af   Thumb Code     0  libinit.o(.ARM.Collect$$libinit$$00000000)
    __rt_lib_init_alloca_1                   0x080001b1   Thumb Code     0  libinit2.o(.ARM.Collect$$libinit$$0000002E)
    __rt_lib_init_argv_1                     0x080001b1   Thumb Code     0  libinit2.o(.ARM.Collect$$libinit$$0000002C)
    __rt_lib_init_atexit_1                   0x080001b1   Thumb Code     0  libinit2.o(.ARM.Collect$$libinit$$0000001B)
    __rt_lib_init_clock_1                    0x080001b1   Thumb Code     0  libinit2.o(.ARM.Collect$$libinit$$00000021)
    __rt_lib_init_cpp_1                      0x080001b1   Thumb Code     0  libinit2.o(.ARM.Collect$$libinit$$00000032)
    __rt_lib_init_exceptions_1               0x080001b1   Thumb Code     0  libinit2.o(.ARM.Collect$$libinit$$00000030)
    __rt_lib_init_fp_1                       0x080001b1   Thumb Code     0  libinit2.o(.ARM.Collect$$libinit$$00000002)
    __rt_lib_init_fp_trap_1                  0x080001b1   Thumb Code     0  libinit2.o(.ARM.Collect$$libinit$$0000001F)
    __rt_lib_init_getenv_1                   0x080001b1   Thumb Code     0  libinit2.o(.ARM.Collect$$libinit$$00000023)
    __rt_lib_init_heap_1                     0x080001b1   Thumb Code     0  libinit2.o(.ARM.Collect$$libinit$$0000000A)
    __rt_lib_init_lc_collate_1               0x080001b1   Thumb Code     0  libinit2.o(.ARM.Collect$$libinit$$00000011)
    __rt_lib_init_lc_ctype_1                 0x080001b1   Thumb Code     0  libinit2.o(.ARM.Collect$$libinit$$00000013)
    __rt_lib_init_lc_monetary_1              0x080001b1   Thumb Code     0  libinit2.o(.ARM.Collect$$libinit$$00000015)
    __rt_lib_init_lc_numeric_1               0x080001b1   Thumb Code     0  libinit2.o(.ARM.Collect$$libinit$$00000017)
    __rt_lib_init_lc_time_1                  0x080001b1   Thumb Code     0  libinit2.o(.ARM.Collect$$libinit$$00000019)
    __rt_lib_init_preinit_1                  0x080001b1   Thumb Code     0  libinit2.o(.ARM.Collect$$libinit$$00000004)
    __rt_lib_init_rand_1                     0x080001b1   Thumb Code     0  libinit2.o(.ARM.Collect$$libinit$$0000000E)
    __rt_lib_init_return                     0x080001b1   Thumb Code     0  libinit2.o(.ARM.Collect$$libinit$$00000033)
    __rt_lib_init_signal_1                   0x080001b1   Thumb Code     0  libinit2.o(.ARM.Collect$$libinit$$0000001D)
    __rt_lib_init_stdio_1                    0x080001b1   Thumb Code     0  libinit2.o(.ARM.Collect$$libinit$$00000025)
    __rt_lib_init_user_alloc_1               0x080001b1   Thumb Code     0  libinit2.o(.ARM.Collect$$libinit$$0000000C)
    __rt_lib_shutdown                        0x080001b3   Thumb Code     0  libshutdown.o(.ARM.Collect$$libshutdown$$00000000)
    __rt_lib_shutdown_cpp_1                  0x080001b5   Thumb Code     0  libshutdown2.o(.ARM.Collect$$libshutdown$$00000004)
    __rt_lib_shutdown_fini_1                 0x080001b5   Thumb Code     0  libshutdown2.o(.ARM.Collect$$libshutdown$$00000002)
    __rt_lib_shutdown_fp_trap_1              0x080001b5   Thumb Code     0  libshutdown2.o(.ARM.Collect$$libshutdown$$00000009)
    __rt_lib_shutdown_heap_1                 0x080001b5   Thumb Code     0  libshutdown2.o(.ARM.Collect$$libshutdown$$00000011)
    __rt_lib_shutdown_return                 0x080001b5   Thumb Code     0  libshutdown2.o(.ARM.Collect$$libshutdown$$00000012)
    __rt_lib_shutdown_signal_1               0x080001b5   Thumb Code     0  libshutdown2.o(.ARM.Collect$$libshutdown$$0000000C)
    __rt_lib_shutdown_stdio_1                0x080001b5   Thumb Code     0  libshutdown2.o(.ARM.Collect$$libshutdown$$00000006)
    __rt_lib_shutdown_user_alloc_1           0x080001b5   Thumb Code     0  libshutdown2.o(.ARM.Collect$$libshutdown$$0000000E)
    __rt_entry                               0x080001b7   Thumb Code     0  __rtentry.o(.ARM.Collect$$rtentry$$00000000)
    __rt_entry_presh_1                       0x080001b7   Thumb Code     0  __rtentry2.o(.ARM.Collect$$rtentry$$00000002)
    __rt_entry_sh                            0x080001b7   Thumb Code     0  __rtentry4.o(.ARM.Collect$$rtentry$$00000004)
    __rt_entry_li                            0x080001bd   Thumb Code     0  __rtentry2.o(.ARM.Collect$$rtentry$$0000000A)
    __rt_entry_postsh_1                      0x080001bd   Thumb Code     0  __rtentry2.o(.ARM.Collect$$rtentry$$00000009)
    __rt_entry_main                          0x080001c1   Thumb Code     0  __rtentry2.o(.ARM.Collect$$rtentry$$0000000D)
    __rt_entry_postli_1                      0x080001c1   Thumb Code     0  __rtentry2.o(.ARM.Collect$$rtentry$$0000000C)
    __rt_exit                                0x080001c9   Thumb Code     0  rtexit.o(.ARM.Collect$$rtexit$$00000000)
    __rt_exit_ls                             0x080001cb   Thumb Code     0  rtexit2.o(.ARM.Collect$$rtexit$$00000003)
    __rt_exit_prels_1                        0x080001cb   Thumb Code     0  rtexit2.o(.ARM.Collect$$rtexit$$00000002)
    __rt_exit_exit                           0x080001cf   Thumb Code     0  rtexit2.o(.ARM.Collect$$rtexit$$00000004)
    SystemInit_ExtMemCtl                     0x080001d5   Thumb Code     2  startup_stm32f10x_hd.o(.text)
    Reset_Handler                            0x080001d7   Thumb Code    14  startup_stm32f10x_hd.o(.text)
    NMI_Handler                              0x080001e5   Thumb Code     2  startup_stm32f10x_hd.o(.text)
    HardFault_Handler                        0x080001e7   Thumb Code     2  startup_stm32f10x_hd.o(.text)
    MemManage_Handler                        0x080001e9   Thumb Code     2  startup_stm32f10x_hd.o(.text)
    BusFault_Handler                         0x080001eb   Thumb Code     2  startup_stm32f10x_hd.o(.text)
    UsageFault_Handler                       0x080001ed   Thumb Code     2  startup_stm32f10x_hd.o(.text)
    SVC_Handler                              0x080001ef   Thumb Code     2  startup_stm32f10x_hd.o(.text)
    DebugMon_Handler                         0x080001f1   Thumb Code     2  startup_stm32f10x_hd.o(.text)
    PendSV_Handler                           0x080001f3   Thumb Code     2  startup_stm32f10x_hd.o(.text)
    SysTick_Handler                          0x080001f5   Thumb Code     2  startup_stm32f10x_hd.o(.text)
    ADC1_2_IRQHandler                        0x080001f7   Thumb Code     0  startup_stm32f10x_hd.o(.text)
    ADC3_IRQHandler                          0x080001f7   Thumb Code     0  startup_stm32f10x_hd.o(.text)
    CAN1_RX1_IRQHandler                      0x080001f7   Thumb Code     0  startup_stm32f10x_hd.o(.text)
    CAN1_SCE_IRQHandler                      0x080001f7   Thumb Code     0  startup_stm32f10x_hd.o(.text)
    DMA1_Channel1_IRQHandler                 0x080001f7   Thumb Code     0  startup_stm32f10x_hd.o(.text)
    DMA1_Channel2_IRQHandler                 0x080001f7   Thumb Code     0  startup_stm32f10x_hd.o(.text)
    DMA1_Channel3_IRQHandler                 0x080001f7   Thumb Code     0  startup_stm32f10x_hd.o(.text)
    DMA1_Channel4_IRQHandler                 0x080001f7   Thumb Code     0  startup_stm32f10x_hd.o(.text)
    DMA1_Channel5_IRQHandler                 0x080001f7   Thumb Code     0  startup_stm32f10x_hd.o(.text)
    DMA1_Channel6_IRQHandler                 0x080001f7   Thumb Code     0  startup_stm32f10x_hd.o(.text)
    DMA1_Channel7_IRQHandler                 0x080001f7   Thumb Code     0  startup_stm32f10x_hd.o(.text)
    DMA2_Channel1_IRQHandler                 0x080001f7   Thumb Code     0  startup_stm32f10x_hd.o(.text)
    DMA2_Channel2_IRQHandler                 0x080001f7   Thumb Code     0  startup_stm32f10x_hd.o(.text)
    DMA2_Channel3_IRQHandler                 0x080001f7   Thumb Code     0  startup_stm32f10x_hd.o(.text)
    DMA2_Channel4_5_IRQHandler               0x080001f7   Thumb Code     0  startup_stm32f10x_hd.o(.text)
    EXTI0_IRQHandler                         0x080001f7   Thumb Code     0  startup_stm32f10x_hd.o(.text)
    EXTI15_10_IRQHandler                     0x080001f7   Thumb Code     0  startup_stm32f10x_hd.o(.text)
    EXTI1_IRQHandler                         0x080001f7   Thumb Code     0  startup_stm32f10x_hd.o(.text)
    EXTI3_IRQHandler                         0x080001f7   Thumb Code     0  startup_stm32f10x_hd.o(.text)
    EXTI4_IRQHandler                         0x080001f7   Thumb Code     0  startup_stm32f10x_hd.o(.text)
    EXTI9_5_IRQHandler                       0x080001f7   Thumb Code     0  startup_stm32f10x_hd.o(.text)
    FLASH_IRQHandler                         0x080001f7   Thumb Code     0  startup_stm32f10x_hd.o(.text)
    FSMC_IRQHandler                          0x080001f7   Thumb Code     0  startup_stm32f10x_hd.o(.text)
    I2C1_ER_IRQHandler                       0x080001f7   Thumb Code     0  startup_stm32f10x_hd.o(.text)
    I2C1_EV_IRQHandler                       0x080001f7   Thumb Code     0  startup_stm32f10x_hd.o(.text)
    I2C2_ER_IRQHandler                       0x080001f7   Thumb Code     0  startup_stm32f10x_hd.o(.text)
    I2C2_EV_IRQHandler                       0x080001f7   Thumb Code     0  startup_stm32f10x_hd.o(.text)
    PVD_IRQHandler                           0x080001f7   Thumb Code     0  startup_stm32f10x_hd.o(.text)
    RCC_IRQHandler                           0x080001f7   Thumb Code     0  startup_stm32f10x_hd.o(.text)
    RTCAlarm_IRQHandler                      0x080001f7   Thumb Code     0  startup_stm32f10x_hd.o(.text)
    RTC_IRQHandler                           0x080001f7   Thumb Code     0  startup_stm32f10x_hd.o(.text)
    SDIO_IRQHandler                          0x080001f7   Thumb Code     0  startup_stm32f10x_hd.o(.text)
    SPI1_IRQHandler                          0x080001f7   Thumb Code     0  startup_stm32f10x_hd.o(.text)
    SPI3_IRQHandler                          0x080001f7   Thumb Code     0  startup_stm32f10x_hd.o(.text)
    TAMPER_IRQHandler                        0x080001f7   Thumb Code     0  startup_stm32f10x_hd.o(.text)
    TIM1_BRK_IRQHandler                      0x080001f7   Thumb Code     0  startup_stm32f10x_hd.o(.text)
    TIM1_CC_IRQHandler                       0x080001f7   Thumb Code     0  startup_stm32f10x_hd.o(.text)
    TIM1_TRG_COM_IRQHandler                  0x080001f7   Thumb Code     0  startup_stm32f10x_hd.o(.text)
    TIM1_UP_IRQHandler                       0x080001f7   Thumb Code     0  startup_stm32f10x_hd.o(.text)
    TIM2_IRQHandler                          0x080001f7   Thumb Code     0  startup_stm32f10x_hd.o(.text)
    TIM4_IRQHandler                          0x080001f7   Thumb Code     0  startup_stm32f10x_hd.o(.text)
    TIM5_IRQHandler                          0x080001f7   Thumb Code     0  startup_stm32f10x_hd.o(.text)
    TIM6_IRQHandler                          0x080001f7   Thumb Code     0  startup_stm32f10x_hd.o(.text)
    TIM7_IRQHandler                          0x080001f7   Thumb Code     0  startup_stm32f10x_hd.o(.text)
    TIM8_BRK_IRQHandler                      0x080001f7   Thumb Code     0  startup_stm32f10x_hd.o(.text)
    TIM8_CC_IRQHandler                       0x080001f7   Thumb Code     0  startup_stm32f10x_hd.o(.text)
    TIM8_TRG_COM_IRQHandler                  0x080001f7   Thumb Code     0  startup_stm32f10x_hd.o(.text)
    TIM8_UP_IRQHandler                       0x080001f7   Thumb Code     0  startup_stm32f10x_hd.o(.text)
    UART4_IRQHandler                         0x080001f7   Thumb Code     0  startup_stm32f10x_hd.o(.text)
    UART5_IRQHandler                         0x080001f7   Thumb Code     0  startup_stm32f10x_hd.o(.text)
    USART2_IRQHandler                        0x080001f7   Thumb Code     0  startup_stm32f10x_hd.o(.text)
    USART3_IRQHandler                        0x080001f7   Thumb Code     0  startup_stm32f10x_hd.o(.text)
    USBWakeUp_IRQHandler                     0x080001f7   Thumb Code     0  startup_stm32f10x_hd.o(.text)
    USB_HP_CAN1_TX_IRQHandler                0x080001f7   Thumb Code     0  startup_stm32f10x_hd.o(.text)
    USB_LP_CAN1_RX0_IRQHandler               0x080001f7   Thumb Code     0  startup_stm32f10x_hd.o(.text)
    WWDG_IRQHandler                          0x080001f7   Thumb Code     0  startup_stm32f10x_hd.o(.text)
    __user_initial_stackheap                 0x080001f9   Thumb Code     0  startup_stm32f10x_hd.o(.text)
    __2sprintf                               0x0800021d   Thumb Code    34  noretval__2sprintf.o(.text)
    __printf                                 0x08000245   Thumb Code   104  __printf.o(.text)
    _printf_int_dec                          0x080002ad   Thumb Code   104  _printf_dec.o(.text)
    __use_two_region_memory                  0x08000325   Thumb Code     2  heapauxi.o(.text)
    __rt_heap_escrow                         0x08000327   Thumb Code     2  heapauxi.o(.text)
    __rt_heap_expand                         0x08000329   Thumb Code     2  heapauxi.o(.text)
    _printf_int_common                       0x0800032b   Thumb Code   178  _printf_intcommon.o(.text)
    _printf_char_common                      0x080003e7   Thumb Code    32  _printf_char_common.o(.text)
    _sputc                                   0x0800040d   Thumb Code    10  _sputc.o(.text)
    __user_setup_stackheap                   0x08000417   Thumb Code    74  sys_stackheap_outer.o(.text)
    exit                                     0x08000461   Thumb Code    18  exit.o(.text)
    __user_libspace                          0x08000475   Thumb Code     8  libspace.o(.text)
    __user_perproc_libspace                  0x08000475   Thumb Code     0  libspace.o(.text)
    __user_perthread_libspace                0x08000475   Thumb Code     0  libspace.o(.text)
    __I$use$semihosting                      0x0800047d   Thumb Code     0  use_no_semi.o(.text)
    __use_no_semihosting_swi                 0x0800047d   Thumb Code     2  use_no_semi.o(.text)
    __semihosting_library_function           0x0800047f   Thumb Code     0  indicate_semi.o(.text)
    _sys_exit                                0x08000481   Thumb Code     8  sys_exit.o(.text)
    Base_Timer3_Config                       0x0800048d   Thumb Code    94  tim.o(i.Base_Timer3_Config)
    BoardInit                                0x080004f9   Thumb Code     8  main.o(i.BoardInit)
    Board_proccess                           0x08000501   Thumb Code  2494  main.o(i.Board_proccess)
    Chess_Init                               0x08000ed5   Thumb Code    86  main.o(i.Chess_Init)
    Chess_Update                             0x08000f4d   Thumb Code    86  main.o(i.Chess_Update)
    Clear_Last                               0x08000fad   Thumb Code   154  main.o(i.Clear_Last)
    Computer_proccess                        0x0800104d   Thumb Code   196  main.o(i.Computer_proccess)
    DATAIN                                   0x0800115d   Thumb Code    58  lcd.o(i.DATAIN)
    DATAOUT                                  0x080011a1   Thumb Code   132  lcd.o(i.DATAOUT)
    Draw_Chess                               0x0800122d   Thumb Code   162  main.o(i.Draw_Chess)
    EXTI2_IRQHandler                         0x080012d9   Thumb Code    34  lcd.o(i.EXTI2_IRQHandler)
    EXTI_ClearITPendingBit                   0x08001301   Thumb Code     6  stm32f10x_exti.o(i.EXTI_ClearITPendingBit)
    EXTI_GetITStatus                         0x0800130d   Thumb Code    34  stm32f10x_exti.o(i.EXTI_GetITStatus)
    EXTI_Init                                0x08001335   Thumb Code   142  stm32f10x_exti.o(i.EXTI_Init)
    GPIO_EXTILineConfig                      0x080013c9   Thumb Code    60  stm32f10x_gpio.o(i.GPIO_EXTILineConfig)
    GPIO_Init                                0x08001409   Thumb Code   278  stm32f10x_gpio.o(i.GPIO_Init)
    GPIO_PinRemapConfig                      0x08001521   Thumb Code   138  stm32f10x_gpio.o(i.GPIO_PinRemapConfig)
    GPIO_ReadInputDataBit                    0x080015b1   Thumb Code    18  stm32f10x_gpio.o(i.GPIO_ReadInputDataBit)
    LCD_Background                           0x080015c5   Thumb Code   316  main.o(i.LCD_Background)
    LCD_Change_Brash_Color                   0x08001739   Thumb Code     6  lcd.o(i.LCD_Change_Brash_Color)
    LCD_Clear                                0x08001745   Thumb Code   130  lcd.o(i.LCD_Clear)
    LCD_Config_DIN                           0x080017d1   Thumb Code    48  lcd.o(i.LCD_Config_DIN)
    LCD_Config_DOUT                          0x08001815   Thumb Code    48  lcd.o(i.LCD_Config_DOUT)
    LCD_Configuration                        0x0800184d   Thumb Code    98  lcd.o(i.LCD_Configuration)
    LCD_Display_Dir                          0x080018c5   Thumb Code   444  lcd.o(i.LCD_Display_Dir)
    LCD_DrawLine                             0x08001a85   Thumb Code   176  lcd.o(i.LCD_DrawLine)
    LCD_DrawPoint                            0x08001b35   Thumb Code    56  lcd.o(i.LCD_DrawPoint)
    LCD_Draw_ALLCircle                       0x08001b75   Thumb Code   198  main.o(i.LCD_Draw_ALLCircle)
    LCD_Draw_Choice                          0x08001c3b   Thumb Code   108  main.o(i.LCD_Draw_Choice)
    LCD_Draw_Way                             0x08001ca9   Thumb Code   804  main.o(i.LCD_Draw_Way)
    LCD_Fast_DrawPoint                       0x08001fe1   Thumb Code   970  lcd.o(i.LCD_Fast_DrawPoint)
    LCD_Init                                 0x080023b5   Thumb Code 15332  lcd.o(i.LCD_Init)
    LCD_Pow                                  0x08005fa1   Thumb Code    22  lcd.o(i.LCD_Pow)
    LCD_RD_DATA                              0x08005fb9   Thumb Code    52  lcd.o(i.LCD_RD_DATA)
    LCD_ReadReg                              0x08005ff1   Thumb Code    16  lcd.o(i.LCD_ReadReg)
    LCD_SSD_BackLightSet                     0x08006001   Thumb Code   238  lcd.o(i.LCD_SSD_BackLightSet)
    LCD_Scan_Dir                             0x080060f9   Thumb Code  1194  lcd.o(i.LCD_Scan_Dir)
    LCD_SetCursor                            0x080065ad   Thumb Code  1080  lcd.o(i.LCD_SetCursor)
    LCD_ShowChar                             0x080069e9   Thumb Code   272  lcd.o(i.LCD_ShowChar)
    LCD_ShowNum                              0x08006b11   Thumb Code   148  lcd.o(i.LCD_ShowNum)
    LCD_ShowString                           0x08006ba5   Thumb Code   102  lcd.o(i.LCD_ShowString)
    LCD_WR_DATAX                             0x08006c0d   Thumb Code    40  lcd.o(i.LCD_WR_DATAX)
    LCD_WR_REG                               0x08006c39   Thumb Code    36  lcd.o(i.LCD_WR_REG)
    LCD_WriteRAM_Prepare                     0x08006c61   Thumb Code    12  lcd.o(i.LCD_WriteRAM_Prepare)
    LCD_WriteReg                             0x08006c71   Thumb Code    48  lcd.o(i.LCD_WriteReg)
    NVIC_Init                                0x08006cbd   Thumb Code   100  misc.o(i.NVIC_Init)
    NVIC_PriorityGroupConfig                 0x08006d2d   Thumb Code    10  misc.o(i.NVIC_PriorityGroupConfig)
    NVIC_SetVectorTable                      0x08006d41   Thumb Code    12  misc.o(i.NVIC_SetVectorTable)
    RCC_APB2PeriphClockCmd                   0x08006d55   Thumb Code    26  stm32f10x_rcc.o(i.RCC_APB2PeriphClockCmd)
    RCC_GetClocksFreq                        0x08006d75   Thumb Code   192  stm32f10x_rcc.o(i.RCC_GetClocksFreq)
    REC_process                              0x08006e49   Thumb Code   406  main.o(i.REC_process)
    RS232SendByte                            0x08007005   Thumb Code     6  uart.o(i.RS232SendByte)
    RS232SendStr                             0x08007011   Thumb Code    64  uart.o(i.RS232SendStr)
    SPI2_IRQHandler                          0x08007061   Thumb Code    20  spi.o(i.SPI2_IRQHandler)
    SPI_I2S_GetFlagStatus                    0x08007079   Thumb Code    18  stm32f10x_spi.o(i.SPI_I2S_GetFlagStatus)
    SPI_SndRecv                              0x0800708d   Thumb Code    96  lcd.o(i.SPI_SndRecv)
    SPI_X                                    0x080070f5   Thumb Code   242  lcd.o(i.SPI_X)
    SPI_Y                                    0x080071fd   Thumb Code   244  lcd.o(i.SPI_Y)
    SystemInit                               0x080073ed   Thumb Code    78  system_stm32f10x.o(i.SystemInit)
    TIM3_IRQHandler                          0x0800744d   Thumb Code    62  uart.o(i.TIM3_IRQHandler)
    TOUCH_SCREEN_INIT                        0x08007529   Thumb Code    82  lcd.o(i.TOUCH_SCREEN_INIT)
    TouchScreen                              0x08007589   Thumb Code   102  lcd.o(i.TouchScreen)
    Touch_test                               0x080075fd   Thumb Code    20  lcd.o(i.Touch_test)
    UART1_Init                               0x08007611   Thumb Code   208  uart.o(i.UART1_Init)
    USART1_IRQHandler                        0x080076e9   Thumb Code   214  uart.o(i.USART1_IRQHandler)
    USART_ClearITPendingBit                  0x08007835   Thumb Code    30  stm32f10x_usart.o(i.USART_ClearITPendingBit)
    USART_Cmd                                0x08007853   Thumb Code    24  stm32f10x_usart.o(i.USART_Cmd)
    USART_GetITStatus                        0x0800786b   Thumb Code    84  stm32f10x_usart.o(i.USART_GetITStatus)
    USART_ITConfig                           0x080078bf   Thumb Code    74  stm32f10x_usart.o(i.USART_ITConfig)
    USART_Init                               0x08007909   Thumb Code   210  stm32f10x_usart.o(i.USART_Init)
    USART_ReceiveData                        0x080079e1   Thumb Code    10  stm32f10x_usart.o(i.USART_ReceiveData)
    Update_Choice                            0x080079ed   Thumb Code    38  main.o(i.Update_Choice)
    clear_chess                              0x08007a21   Thumb Code   260  main.o(i.clear_chess)
    delay_ms                                 0x08007b25   Thumb Code    24  sys.o(i.delay_ms)
    delay_us                                 0x08007b3d   Thumb Code    14  sys.o(i.delay_us)
    exist                                    0x08007b4d   Thumb Code    72  main.o(i.exist)
    main                                     0x08007e35   Thumb Code   140  main.o(i.main)
    move                                     0x08007ee1   Thumb Code   962  main.o(i.move)
    __aeabi_d2uiz                            0x080082e1   Thumb Code     0  dfixu.o(x$fpl$dfixu)
    _dfixu                                   0x080082e1   Thumb Code    90  dfixu.o(x$fpl$dfixu)
    __aeabi_ui2d                             0x0800833b   Thumb Code     0  dflt_clz.o(x$fpl$dfltu)
    _dfltu                                   0x0800833b   Thumb Code    38  dflt_clz.o(x$fpl$dfltu)
    __aeabi_dmul                             0x08008361   Thumb Code     0  dmul.o(x$fpl$dmul)
    _dmul                                    0x08008361   Thumb Code   332  dmul.o(x$fpl$dmul)
    __fpl_dnaninf                            0x080084b5   Thumb Code   156  dnaninf.o(x$fpl$dnaninf)
    __fpl_dretinf                            0x08008551   Thumb Code    12  dretinf.o(x$fpl$dretinf)
    __I$use$fp                               0x0800855c   Number         0  usenofp.o(x$fpl$usenofp)
    asc2_1206                                0x0800855c   Data        1140  lcd.o(.constdata)
    asc2_1608                                0x080089d0   Data        1520  lcd.o(.constdata)
    asc2_2412                                0x08008fc0   Data        3420  lcd.o(.constdata)
    CN_DataBuf                               0x08009d1c   Data          64  lcd.o(.constdata)
    Region$$Table$$Base                      0x08009d5c   Number         0  anon$$obj.o(Region$$Table)
    Region$$Table$$Limit                     0x08009d7c   Number         0  anon$$obj.o(Region$$Table)
    count                                    0x20000014   Data           4  main.o(.data)
    isWaiting                                0x20000018   Data           4  main.o(.data)
    isReady                                  0x2000001c   Data           4  main.o(.data)
    GameState                                0x20000020   Data           4  main.o(.data)
    isSelect                                 0x20000024   Data           4  main.o(.data)
    wayClear                                 0x20000028   Data           4  main.o(.data)
    isEnd                                    0x2000002c   Data           4  main.o(.data)
    color_round                              0x20000030   Data           4  main.o(.data)
    chess_move                               0x20000034   Data           4  main.o(.data)
    isBoard                                  0x20000038   Data           4  main.o(.data)
    isComputer                               0x2000003c   Data           4  main.o(.data)
    Choice                                   0x20000040   Data           8  main.o(.data)
    Last_Choice                              0x20000048   Data           8  main.o(.data)
    TxBuff                                   0x20000050   Data           4  uart.o(.data)
    SetTxBuff                                0x20000054   Data           4  uart.o(.data)
    TxIndicator                              0x20000058   Data           4  uart.o(.data)
    ReceiveData                              0x2000005c   Data           1  uart.o(.data)
    RX_count                                 0x2000005e   Data           2  uart.o(.data)
    FrameFlag                                0x20000060   Data           2  uart.o(.data)
    Flag                                     0x20000062   Data           1  uart.o(.data)
    Transmit_state_OK                        0x20000063   Data           1  uart.o(.data)
    Receive_state_OK                         0x20000064   Data           1  uart.o(.data)
    USART_RX_STA                             0x20000066   Data           2  uart.o(.data)
    POINT_COLOR                              0x20000068   Data           2  lcd.o(.data)
    BACK_COLOR                               0x2000006a   Data           2  lcd.o(.data)
    x_addata                                 0x2000006c   Data           8  lcd.o(.data)
    z_addata                                 0x20000074   Data           8  lcd.o(.data)
    y_addata                                 0x2000007c   Data           8  lcd.o(.data)
    Temp                                     0x20000084   Data           4  lcd.o(.data)
    r                                        0x20000088   Data           4  lcd.o(.data)
    sx                                       0x2000008c   Data           4  lcd.o(.data)
    sy                                       0x20000090   Data           4  lcd.o(.data)
    xScreen                                  0x20000094   Data           4  lcd.o(.data)
    yScreen                                  0x20000098   Data           4  lcd.o(.data)
    flag                                     0x2000009c   Data           4  lcd.o(.data)
    flagx                                    0x200000a0   Data           4  lcd.o(.data)
    flagy                                    0x200000a4   Data           4  lcd.o(.data)
    ax                                       0x200000a8   Data           4  lcd.o(.data)
    by                                       0x200000ac   Data           4  lcd.o(.data)
    BlackChess                               0x200000b0   Data          40  main.o(.bss)
    WhiteChess                               0x200000d8   Data          40  main.o(.bss)
    chess_table                              0x20000100   Data          25  main.o(.bss)
    way                                      0x2000011c   Data          32  main.o(.bss)
    USART_RX_BUF                             0x2000013c   Data         200  uart.o(.bss)
    USART_TX_BUF                             0x20000204   Data         200  uart.o(.bss)
    lcddev                                   0x200002cc   Data          14  lcd.o(.bss)
    __libspace_start                         0x200002dc   Data          96  libspace.o(.bss)
    __temporary_stack_top$libspace           0x2000033c   Data           0  libspace.o(.bss)



==============================================================================

Memory Map of the image

  Image Entry point : 0x08000131

  Load Region LR_IROM1 (Base: 0x08000000, Size: 0x00009e2c, Max: 0x00040000, ABSOLUTE)

    Execution Region ER_IROM1 (Exec base: 0x08000000, Load base: 0x08000000, Size: 0x00009d7c, Max: 0x00040000, ABSOLUTE)

    Exec Addr    Load Addr    Size         Type   Attr      Idx    E Section Name        Object

    0x08000000   0x08000000   0x00000130   Data   RO            3    RESET               startup_stm32f10x_hd.o
    0x08000130   0x08000130   0x00000008   Code   RO         3856  * !!!main             c_w.l(__main.o)
    0x08000138   0x08000138   0x00000034   Code   RO         4228    !!!scatter          c_w.l(__scatter.o)
    0x0800016c   0x0800016c   0x0000001a   Code   RO         4230    !!handler_copy      c_w.l(__scatter_copy.o)
    0x08000186   0x08000186   0x00000002   PAD
    0x08000188   0x08000188   0x0000001c   Code   RO         4232    !!handler_zi        c_w.l(__scatter_zi.o)
    0x080001a4   0x080001a4   0x00000000   Code   RO         3853    .ARM.Collect$$_printf_percent$$00000000  c_w.l(_printf_percent.o)
    0x080001a4   0x080001a4   0x00000006   Code   RO         3852    .ARM.Collect$$_printf_percent$$00000009  c_w.l(_printf_d.o)
    0x080001aa   0x080001aa   0x00000004   Code   RO         3879    .ARM.Collect$$_printf_percent$$00000017  c_w.l(_printf_percent_end.o)
    0x080001ae   0x080001ae   0x00000002   Code   RO         4013    .ARM.Collect$$libinit$$00000000  c_w.l(libinit.o)
    0x080001b0   0x080001b0   0x00000000   Code   RO         4015    .ARM.Collect$$libinit$$00000002  c_w.l(libinit2.o)
    0x080001b0   0x080001b0   0x00000000   Code   RO         4017    .ARM.Collect$$libinit$$00000004  c_w.l(libinit2.o)
    0x080001b0   0x080001b0   0x00000000   Code   RO         4020    .ARM.Collect$$libinit$$0000000A  c_w.l(libinit2.o)
    0x080001b0   0x080001b0   0x00000000   Code   RO         4022    .ARM.Collect$$libinit$$0000000C  c_w.l(libinit2.o)
    0x080001b0   0x080001b0   0x00000000   Code   RO         4024    .ARM.Collect$$libinit$$0000000E  c_w.l(libinit2.o)
    0x080001b0   0x080001b0   0x00000000   Code   RO         4027    .ARM.Collect$$libinit$$00000011  c_w.l(libinit2.o)
    0x080001b0   0x080001b0   0x00000000   Code   RO         4029    .ARM.Collect$$libinit$$00000013  c_w.l(libinit2.o)
    0x080001b0   0x080001b0   0x00000000   Code   RO         4031    .ARM.Collect$$libinit$$00000015  c_w.l(libinit2.o)
    0x080001b0   0x080001b0   0x00000000   Code   RO         4033    .ARM.Collect$$libinit$$00000017  c_w.l(libinit2.o)
    0x080001b0   0x080001b0   0x00000000   Code   RO         4035    .ARM.Collect$$libinit$$00000019  c_w.l(libinit2.o)
    0x080001b0   0x080001b0   0x00000000   Code   RO         4037    .ARM.Collect$$libinit$$0000001B  c_w.l(libinit2.o)
    0x080001b0   0x080001b0   0x00000000   Code   RO         4039    .ARM.Collect$$libinit$$0000001D  c_w.l(libinit2.o)
    0x080001b0   0x080001b0   0x00000000   Code   RO         4041    .ARM.Collect$$libinit$$0000001F  c_w.l(libinit2.o)
    0x080001b0   0x080001b0   0x00000000   Code   RO         4043    .ARM.Collect$$libinit$$00000021  c_w.l(libinit2.o)
    0x080001b0   0x080001b0   0x00000000   Code   RO         4045    .ARM.Collect$$libinit$$00000023  c_w.l(libinit2.o)
    0x080001b0   0x080001b0   0x00000000   Code   RO         4047    .ARM.Collect$$libinit$$00000025  c_w.l(libinit2.o)
    0x080001b0   0x080001b0   0x00000000   Code   RO         4051    .ARM.Collect$$libinit$$0000002C  c_w.l(libinit2.o)
    0x080001b0   0x080001b0   0x00000000   Code   RO         4053    .ARM.Collect$$libinit$$0000002E  c_w.l(libinit2.o)
    0x080001b0   0x080001b0   0x00000000   Code   RO         4055    .ARM.Collect$$libinit$$00000030  c_w.l(libinit2.o)
    0x080001b0   0x080001b0   0x00000000   Code   RO         4057    .ARM.Collect$$libinit$$00000032  c_w.l(libinit2.o)
    0x080001b0   0x080001b0   0x00000002   Code   RO         4058    .ARM.Collect$$libinit$$00000033  c_w.l(libinit2.o)
    0x080001b2   0x080001b2   0x00000002   Code   RO         4207    .ARM.Collect$$libshutdown$$00000000  c_w.l(libshutdown.o)
    0x080001b4   0x080001b4   0x00000000   Code   RO         4060    .ARM.Collect$$libshutdown$$00000002  c_w.l(libshutdown2.o)
    0x080001b4   0x080001b4   0x00000000   Code   RO         4062    .ARM.Collect$$libshutdown$$00000004  c_w.l(libshutdown2.o)
    0x080001b4   0x080001b4   0x00000000   Code   RO         4064    .ARM.Collect$$libshutdown$$00000006  c_w.l(libshutdown2.o)
    0x080001b4   0x080001b4   0x00000000   Code   RO         4067    .ARM.Collect$$libshutdown$$00000009  c_w.l(libshutdown2.o)
    0x080001b4   0x080001b4   0x00000000   Code   RO         4070    .ARM.Collect$$libshutdown$$0000000C  c_w.l(libshutdown2.o)
    0x080001b4   0x080001b4   0x00000000   Code   RO         4072    .ARM.Collect$$libshutdown$$0000000E  c_w.l(libshutdown2.o)
    0x080001b4   0x080001b4   0x00000000   Code   RO         4075    .ARM.Collect$$libshutdown$$00000011  c_w.l(libshutdown2.o)
    0x080001b4   0x080001b4   0x00000002   Code   RO         4076    .ARM.Collect$$libshutdown$$00000012  c_w.l(libshutdown2.o)
    0x080001b6   0x080001b6   0x00000000   Code   RO         3870    .ARM.Collect$$rtentry$$00000000  c_w.l(__rtentry.o)
    0x080001b6   0x080001b6   0x00000000   Code   RO         3892    .ARM.Collect$$rtentry$$00000002  c_w.l(__rtentry2.o)
    0x080001b6   0x080001b6   0x00000006   Code   RO         3904    .ARM.Collect$$rtentry$$00000004  c_w.l(__rtentry4.o)
    0x080001bc   0x080001bc   0x00000000   Code   RO         3894    .ARM.Collect$$rtentry$$00000009  c_w.l(__rtentry2.o)
    0x080001bc   0x080001bc   0x00000004   Code   RO         3895    .ARM.Collect$$rtentry$$0000000A  c_w.l(__rtentry2.o)
    0x080001c0   0x080001c0   0x00000000   Code   RO         3897    .ARM.Collect$$rtentry$$0000000C  c_w.l(__rtentry2.o)
    0x080001c0   0x080001c0   0x00000008   Code   RO         3898    .ARM.Collect$$rtentry$$0000000D  c_w.l(__rtentry2.o)
    0x080001c8   0x080001c8   0x00000002   Code   RO         4085    .ARM.Collect$$rtexit$$00000000  c_w.l(rtexit.o)
    0x080001ca   0x080001ca   0x00000000   Code   RO         4143    .ARM.Collect$$rtexit$$00000002  c_w.l(rtexit2.o)
    0x080001ca   0x080001ca   0x00000004   Code   RO         4144    .ARM.Collect$$rtexit$$00000003  c_w.l(rtexit2.o)
    0x080001ce   0x080001ce   0x00000006   Code   RO         4145    .ARM.Collect$$rtexit$$00000004  c_w.l(rtexit2.o)
    0x080001d4   0x080001d4   0x00000048   Code   RO            4    .text               startup_stm32f10x_hd.o
    0x0800021c   0x0800021c   0x00000028   Code   RO         3826    .text               c_w.l(noretval__2sprintf.o)
    0x08000244   0x08000244   0x00000068   Code   RO         3828    .text               c_w.l(__printf.o)
    0x080002ac   0x080002ac   0x00000078   Code   RO         3830    .text               c_w.l(_printf_dec.o)
    0x08000324   0x08000324   0x00000006   Code   RO         3854    .text               c_w.l(heapauxi.o)
    0x0800032a   0x0800032a   0x000000b2   Code   RO         3871    .text               c_w.l(_printf_intcommon.o)
    0x080003dc   0x080003dc   0x00000030   Code   RO         3873    .text               c_w.l(_printf_char_common.o)
    0x0800040c   0x0800040c   0x0000000a   Code   RO         3875    .text               c_w.l(_sputc.o)
    0x08000416   0x08000416   0x0000004a   Code   RO         3929    .text               c_w.l(sys_stackheap_outer.o)
    0x08000460   0x08000460   0x00000012   Code   RO         4000    .text               c_w.l(exit.o)
    0x08000472   0x08000472   0x00000002   PAD
    0x08000474   0x08000474   0x00000008   Code   RO         4079    .text               c_w.l(libspace.o)
    0x0800047c   0x0800047c   0x00000002   Code   RO         4082    .text               c_w.l(use_no_semi.o)
    0x0800047e   0x0800047e   0x00000000   Code   RO         4084    .text               c_w.l(indicate_semi.o)
    0x0800047e   0x0800047e   0x00000002   PAD
    0x08000480   0x08000480   0x0000000c   Code   RO         4140    .text               c_w.l(sys_exit.o)
    0x0800048c   0x0800048c   0x0000006c   Code   RO         3352    i.Base_Timer3_Config  tim.o
    0x080004f8   0x080004f8   0x00000008   Code   RO         3130    i.BoardInit         main.o
    0x08000500   0x08000500   0x000009d4   Code   RO         3131    i.Board_proccess    main.o
    0x08000ed4   0x08000ed4   0x00000078   Code   RO         3132    i.Chess_Init        main.o
    0x08000f4c   0x08000f4c   0x00000060   Code   RO         3133    i.Chess_Update      main.o
    0x08000fac   0x08000fac   0x000000a0   Code   RO         3134    i.Clear_Last        main.o
    0x0800104c   0x0800104c   0x00000110   Code   RO         3135    i.Computer_proccess  main.o
    0x0800115c   0x0800115c   0x00000044   Code   RO         3510    i.DATAIN            lcd.o
    0x080011a0   0x080011a0   0x0000008c   Code   RO         3511    i.DATAOUT           lcd.o
    0x0800122c   0x0800122c   0x000000ac   Code   RO         3136    i.Draw_Chess        main.o
    0x080012d8   0x080012d8   0x00000028   Code   RO         3512    i.EXTI2_IRQHandler  lcd.o
    0x08001300   0x08001300   0x0000000c   Code   RO          514    i.EXTI_ClearITPendingBit  stm32f10x_exti.o
    0x0800130c   0x0800130c   0x00000028   Code   RO          518    i.EXTI_GetITStatus  stm32f10x_exti.o
    0x08001334   0x08001334   0x00000094   Code   RO          519    i.EXTI_Init         stm32f10x_exti.o
    0x080013c8   0x080013c8   0x00000040   Code   RO          140    i.GPIO_EXTILineConfig  stm32f10x_gpio.o
    0x08001408   0x08001408   0x00000116   Code   RO          143    i.GPIO_Init         stm32f10x_gpio.o
    0x0800151e   0x0800151e   0x00000002   PAD
    0x08001520   0x08001520   0x00000090   Code   RO          145    i.GPIO_PinRemapConfig  stm32f10x_gpio.o
    0x080015b0   0x080015b0   0x00000012   Code   RO          147    i.GPIO_ReadInputDataBit  stm32f10x_gpio.o
    0x080015c2   0x080015c2   0x00000002   PAD
    0x080015c4   0x080015c4   0x00000174   Code   RO         3137    i.LCD_Background    main.o
    0x08001738   0x08001738   0x0000000c   Code   RO         3514    i.LCD_Change_Brash_Color  lcd.o
    0x08001744   0x08001744   0x0000008c   Code   RO         3515    i.LCD_Clear         lcd.o
    0x080017d0   0x080017d0   0x00000044   Code   RO         3517    i.LCD_Config_DIN    lcd.o
    0x08001814   0x08001814   0x00000038   Code   RO         3518    i.LCD_Config_DOUT   lcd.o
    0x0800184c   0x0800184c   0x00000078   Code   RO         3519    i.LCD_Configuration  lcd.o
    0x080018c4   0x080018c4   0x000001c0   Code   RO         3522    i.LCD_Display_Dir   lcd.o
    0x08001a84   0x08001a84   0x000000b0   Code   RO         3523    i.LCD_DrawLine      lcd.o
    0x08001b34   0x08001b34   0x00000040   Code   RO         3524    i.LCD_DrawPoint     lcd.o
    0x08001b74   0x08001b74   0x000000c6   Code   RO         3138    i.LCD_Draw_ALLCircle  main.o
    0x08001c3a   0x08001c3a   0x0000006c   Code   RO         3139    i.LCD_Draw_Choice   main.o
    0x08001ca6   0x08001ca6   0x00000002   PAD
    0x08001ca8   0x08001ca8   0x00000338   Code   RO         3140    i.LCD_Draw_Way      main.o
    0x08001fe0   0x08001fe0   0x000003d4   Code   RO         3527    i.LCD_Fast_DrawPoint  lcd.o
    0x080023b4   0x080023b4   0x00003bec   Code   RO         3529    i.LCD_Init          lcd.o
    0x08005fa0   0x08005fa0   0x00000016   Code   RO         3530    i.LCD_Pow           lcd.o
    0x08005fb6   0x08005fb6   0x00000002   PAD
    0x08005fb8   0x08005fb8   0x00000038   Code   RO         3531    i.LCD_RD_DATA       lcd.o
    0x08005ff0   0x08005ff0   0x00000010   Code   RO         3533    i.LCD_ReadReg       lcd.o
    0x08006000   0x08006000   0x000000f8   Code   RO         3534    i.LCD_SSD_BackLightSet  lcd.o
    0x080060f8   0x080060f8   0x000004b4   Code   RO         3535    i.LCD_Scan_Dir      lcd.o
    0x080065ac   0x080065ac   0x0000043c   Code   RO         3536    i.LCD_SetCursor     lcd.o
    0x080069e8   0x080069e8   0x00000128   Code   RO         3538    i.LCD_ShowChar      lcd.o
    0x08006b10   0x08006b10   0x00000094   Code   RO         3539    i.LCD_ShowNum       lcd.o
    0x08006ba4   0x08006ba4   0x00000066   Code   RO         3540    i.LCD_ShowString    lcd.o
    0x08006c0a   0x08006c0a   0x00000002   PAD
    0x08006c0c   0x08006c0c   0x0000002c   Code   RO         3542    i.LCD_WR_DATAX      lcd.o
    0x08006c38   0x08006c38   0x00000028   Code   RO         3543    i.LCD_WR_REG        lcd.o
    0x08006c60   0x08006c60   0x00000010   Code   RO         3545    i.LCD_WriteRAM_Prepare  lcd.o
    0x08006c70   0x08006c70   0x00000034   Code   RO         3546    i.LCD_WriteReg      lcd.o
    0x08006ca4   0x08006ca4   0x00000016   Code   RO         3354    i.NVIC_EnableIRQ    tim.o
    0x08006cba   0x08006cba   0x00000002   PAD
    0x08006cbc   0x08006cbc   0x00000070   Code   RO          477    i.NVIC_Init         misc.o
    0x08006d2c   0x08006d2c   0x00000014   Code   RO          478    i.NVIC_PriorityGroupConfig  misc.o
    0x08006d40   0x08006d40   0x00000014   Code   RO          479    i.NVIC_SetVectorTable  misc.o
    0x08006d54   0x08006d54   0x00000020   Code   RO          281    i.RCC_APB2PeriphClockCmd  stm32f10x_rcc.o
    0x08006d74   0x08006d74   0x000000d4   Code   RO          289    i.RCC_GetClocksFreq  stm32f10x_rcc.o
    0x08006e48   0x08006e48   0x000001bc   Code   RO         3141    i.REC_process       main.o
    0x08007004   0x08007004   0x0000000c   Code   RO         3396    i.RS232SendByte     uart.o
    0x08007010   0x08007010   0x00000050   Code   RO         3397    i.RS232SendStr      uart.o
    0x08007060   0x08007060   0x00000018   Code   RO         3475    i.SPI2_IRQHandler   spi.o
    0x08007078   0x08007078   0x00000012   Code   RO          964    i.SPI_I2S_GetFlagStatus  stm32f10x_spi.o
    0x0800708a   0x0800708a   0x00000002   PAD
    0x0800708c   0x0800708c   0x00000068   Code   RO         3548    i.SPI_SndRecv       lcd.o
    0x080070f4   0x080070f4   0x00000108   Code   RO         3549    i.SPI_X             lcd.o
    0x080071fc   0x080071fc   0x00000108   Code   RO         3550    i.SPI_Y             lcd.o
    0x08007304   0x08007304   0x00000008   Code   RO           24    i.SetSysClock       system_stm32f10x.o
    0x0800730c   0x0800730c   0x000000e0   Code   RO           25    i.SetSysClockTo72   system_stm32f10x.o
    0x080073ec   0x080073ec   0x00000060   Code   RO           27    i.SystemInit        system_stm32f10x.o
    0x0800744c   0x0800744c   0x0000004c   Code   RO         3398    i.TIM3_IRQHandler   uart.o
    0x08007498   0x08007498   0x00000036   Code   RO         3551    i.TOUCH_INT_EXIT_Init  lcd.o
    0x080074ce   0x080074ce   0x00000002   PAD
    0x080074d0   0x080074d0   0x00000024   Code   RO         3552    i.TOUCH_INT_config  lcd.o
    0x080074f4   0x080074f4   0x00000032   Code   RO         3553    i.TOUCH_InterruptConfig  lcd.o
    0x08007526   0x08007526   0x00000002   PAD
    0x08007528   0x08007528   0x00000060   Code   RO         3554    i.TOUCH_SCREEN_INIT  lcd.o
    0x08007588   0x08007588   0x00000074   Code   RO         3555    i.TouchScreen       lcd.o
    0x080075fc   0x080075fc   0x00000014   Code   RO         3556    i.Touch_test        lcd.o
    0x08007610   0x08007610   0x000000d8   Code   RO         3399    i.UART1_Init        uart.o
    0x080076e8   0x080076e8   0x0000014c   Code   RO         3400    i.USART1_IRQHandler  uart.o
    0x08007834   0x08007834   0x0000001e   Code   RO          568    i.USART_ClearITPendingBit  stm32f10x_usart.o
    0x08007852   0x08007852   0x00000018   Code   RO          571    i.USART_Cmd         stm32f10x_usart.o
    0x0800786a   0x0800786a   0x00000054   Code   RO          575    i.USART_GetITStatus  stm32f10x_usart.o
    0x080078be   0x080078be   0x0000004a   Code   RO          577    i.USART_ITConfig    stm32f10x_usart.o
    0x08007908   0x08007908   0x000000d8   Code   RO          578    i.USART_Init        stm32f10x_usart.o
    0x080079e0   0x080079e0   0x0000000a   Code   RO          585    i.USART_ReceiveData  stm32f10x_usart.o
    0x080079ea   0x080079ea   0x00000002   PAD
    0x080079ec   0x080079ec   0x00000034   Code   RO         3142    i.Update_Choice     main.o
    0x08007a20   0x08007a20   0x00000104   Code   RO         3143    i.clear_chess       main.o
    0x08007b24   0x08007b24   0x00000018   Code   RO         3315    i.delay_ms          sys.o
    0x08007b3c   0x08007b3c   0x0000000e   Code   RO         3316    i.delay_us          sys.o
    0x08007b4a   0x08007b4a   0x00000002   PAD
    0x08007b4c   0x08007b4c   0x00000054   Code   RO         3144    i.exist             main.o
    0x08007ba0   0x08007ba0   0x00000294   Code   RO         3557    i.getPos            lcd.o
    0x08007e34   0x08007e34   0x000000ac   Code   RO         3145    i.main              main.o
    0x08007ee0   0x08007ee0   0x00000400   Code   RO         3146    i.move              main.o
    0x080082e0   0x080082e0   0x0000005a   Code   RO         3858    x$fpl$dfixu         fz_ws.l(dfixu.o)
    0x0800833a   0x0800833a   0x00000026   Code   RO         3862    x$fpl$dfltu         fz_ws.l(dflt_clz.o)
    0x08008360   0x08008360   0x00000154   Code   RO         3868    x$fpl$dmul          fz_ws.l(dmul.o)
    0x080084b4   0x080084b4   0x0000009c   Code   RO         3886    x$fpl$dnaninf       fz_ws.l(dnaninf.o)
    0x08008550   0x08008550   0x0000000c   Code   RO         3888    x$fpl$dretinf       fz_ws.l(dretinf.o)
    0x0800855c   0x0800855c   0x00000000   Code   RO         3890    x$fpl$usenofp       fz_ws.l(usenofp.o)
    0x0800855c   0x0800855c   0x00001800   Data   RO         3560    .constdata          lcd.o
    0x08009d5c   0x08009d5c   0x00000020   Data   RO         4226    Region$$Table       anon$$obj.o


    Execution Region RW_IRAM1 (Exec base: 0x20000000, Load base: 0x08009d7c, Size: 0x00000540, Max: 0x0000c000, ABSOLUTE)

    Exec Addr    Load Addr    Size         Type   Attr      Idx    E Section Name        Object

    0x20000000   0x08009d7c   0x00000014   Data   RW          309    .data               stm32f10x_rcc.o
    0x20000014   0x08009d90   0x0000003c   Data   RW         3148    .data               main.o
    0x20000050   0x08009dcc   0x00000018   Data   RW         3402    .data               uart.o
    0x20000068   0x08009de4   0x00000048   Data   RW         3561    .data               lcd.o
    0x200000b0        -       0x0000008c   Zero   RW         3147    .bss                main.o
    0x2000013c        -       0x00000190   Zero   RW         3401    .bss                uart.o
    0x200002cc        -       0x0000000e   Zero   RW         3559    .bss                lcd.o
    0x200002da   0x08009e2c   0x00000002   PAD
    0x200002dc        -       0x00000060   Zero   RW         4080    .bss                c_w.l(libspace.o)
    0x2000033c   0x08009e2c   0x00000004   PAD
    0x20000340        -       0x00000000   Zero   RW            2    HEAP                startup_stm32f10x_hd.o
    0x20000340        -       0x00000200   Zero   RW            1    STACK               startup_stm32f10x_hd.o


==============================================================================

Image component sizes


      Code (inc. data)   RO Data    RW Data    ZI Data      Debug   Object Name

         0          0          0          0          0       4548   core_cm3.o
     22644        396       6144         72         14      34036   lcd.o
      6882        432          0         60        140      13159   main.o
       152         30          0          0          0       1813   misc.o
        24          4          0          0          0        398   spi.o
        72         26        304          0        512        852   startup_stm32f10x_hd.o
       200         18          0          0          0       1856   stm32f10x_exti.o
       504         10          0          0          0     212128   stm32f10x_gpio.o
       244         26          0         20          0       3621   stm32f10x_rcc.o
        18          0          0          0          0       1504   stm32f10x_spi.o
       438          6          0          0          0       5208   stm32f10x_usart.o
        38          0          0          0          0        894   sys.o
       328         28          0          0          0      31545   system_stm32f10x.o
       130         14          0          0          0      15928   tim.o
       716        162          0         24        400       3551   uart.o

    ----------------------------------------------------------------------
     32412       1152       6480        176       1068     331041   Object Totals
         0          0         32          0          0          0   (incl. Generated)
        22          0          0          0          2          0   (incl. Padding)

    ----------------------------------------------------------------------

      Code (inc. data)   RO Data    RW Data    ZI Data      Debug   Library Member Name

         8          0          0          0          0         68   __main.o
       104          0          0          0          0         84   __printf.o
         0          0          0          0          0          0   __rtentry.o
        12          0          0          0          0          0   __rtentry2.o
         6          0          0          0          0          0   __rtentry4.o
        52          8          0          0          0          0   __scatter.o
        26          0          0          0          0          0   __scatter_copy.o
        28          0          0          0          0          0   __scatter_zi.o
        48          6          0          0          0         96   _printf_char_common.o
         6          0          0          0          0          0   _printf_d.o
       120         16          0          0          0         92   _printf_dec.o
       178          0          0          0          0         88   _printf_intcommon.o
         0          0          0          0          0          0   _printf_percent.o
         4          0          0          0          0          0   _printf_percent_end.o
        10          0          0          0          0         68   _sputc.o
        18          0          0          0          0         80   exit.o
         6          0          0          0          0        152   heapauxi.o
         0          0          0          0          0          0   indicate_semi.o
         2          0          0          0          0          0   libinit.o
         2          0          0          0          0          0   libinit2.o
         2          0          0          0          0          0   libshutdown.o
         2          0          0          0          0          0   libshutdown2.o
         8          4          0          0         96         68   libspace.o
        40          6          0          0          0         84   noretval__2sprintf.o
         2          0          0          0          0          0   rtexit.o
        10          0          0          0          0          0   rtexit2.o
        12          4          0          0          0         68   sys_exit.o
        74          0          0          0          0         80   sys_stackheap_outer.o
         2          0          0          0          0         68   use_no_semi.o
        90          4          0          0          0         92   dfixu.o
        38          0          0          0          0         68   dflt_clz.o
       340         12          0          0          0        104   dmul.o
       156          4          0          0          0         92   dnaninf.o
        12          0          0          0          0         68   dretinf.o
         0          0          0          0          0          0   usenofp.o

    ----------------------------------------------------------------------
      1424         64          0          0        100       1520   Library Totals
         6          0          0          0          4          0   (incl. Padding)

    ----------------------------------------------------------------------

      Code (inc. data)   RO Data    RW Data    ZI Data      Debug   Library Name

       782         44          0          0         96       1096   c_w.l
       636         20          0          0          0        424   fz_ws.l

    ----------------------------------------------------------------------
      1424         64          0          0        100       1520   Library Totals

    ----------------------------------------------------------------------

==============================================================================


      Code (inc. data)   RO Data    RW Data    ZI Data      Debug   

     33836       1216       6480        176       1168     327565   Grand Totals
     33836       1216       6480        176       1168     327565   ELF Image Totals
     33836       1216       6480        176          0          0   ROM Totals

==============================================================================

    Total RO  Size (Code + RO Data)                40316 (  39.37kB)
    Total RW  Size (RW Data + ZI Data)              1344 (   1.31kB)
    Total ROM Size (Code + RO Data + RW Data)      40492 (  39.54kB)

==============================================================================

